[2025-10-28 20:58:29] local.ERROR: SQLSTATE[HY000] [2002] No connection could be made because the target machine actively refused it (SQL: insert into `telescope_entries` (`batch_id`, `content`, `created_at`, `family_hash`, `type`, `uuid`) values (a0392d1d-7056-410f-bc39-6bdc68036930, {"command":"route:list","exit_code":0,"arguments":{"command":"route:list"},"options":{"json":false,"method":null,"name":"delivery","domain":null,"path":null,"except-path":null,"reverse":false,"sort":"uri","except-vendor":false,"only-vendor":false,"help":false,"quiet":false,"verbose":false,"version":false,"ansi":null,"no-interaction":false,"env":null},"hostname":"DESKTOP-VCL5N83"}, 2025-10-28 20:58:24, ?, command, a0392d1a-924e-41cc-bac7-c12dccb1c7ae)) {"exception":"[object] (Illuminate\\Database\\QueryException(code: 2002): SQLSTATE[HY000] [2002] No connection could be made because the target machine actively refused it (SQL: insert into `telescope_entries` (`batch_id`, `content`, `created_at`, `family_hash`, `type`, `uuid`) values (a0392d1d-7056-410f-bc39-6bdc68036930, {\"command\":\"route:list\",\"exit_code\":0,\"arguments\":{\"command\":\"route:list\"},\"options\":{\"json\":false,\"method\":null,\"name\":\"delivery\",\"domain\":null,\"path\":null,\"except-path\":null,\"reverse\":false,\"sort\":\"uri\",\"except-vendor\":false,\"only-vendor\":false,\"help\":false,\"quiet\":false,\"verbose\":false,\"version\":false,\"ansi\":null,\"no-interaction\":false,\"env\":null},\"hostname\":\"DESKTOP-VCL5N83\"}, 2025-10-28 20:58:24, ?, command, a0392d1a-924e-41cc-bac7-c12dccb1c7ae)) at D:\\laragon\\www\\leader\\vendor\\laravel\\framework\\src\\Illuminate\\Database\\Connection.php:760)
[stacktrace]
#0 D:\\laragon\\www\\leader\\vendor\\laravel\\framework\\src\\Illuminate\\Database\\Connection.php(720): Illuminate\\Database\\Connection->runQueryCallback('insert into `te...', Array, Object(Closure))
#1 D:\\laragon\\www\\leader\\vendor\\laravel\\framework\\src\\Illuminate\\Database\\Connection.php(534): Illuminate\\Database\\Connection->run('insert into `te...', Array, Object(Closure))
#2 D:\\laragon\\www\\leader\\vendor\\laravel\\framework\\src\\Illuminate\\Database\\Connection.php(498): Illuminate\\Database\\Connection->statement('insert into `te...', Array)
#3 D:\\laragon\\www\\leader\\vendor\\laravel\\framework\\src\\Illuminate\\Database\\Query\\Builder.php(3272): Illuminate\\Database\\Connection->insert('insert into `te...', Array)
#4 D:\\laragon\\www\\leader\\vendor\\laravel\\telescope\\src\\Storage\\DatabaseEntriesRepository.php(145): Illuminate\\Database\\Query\\Builder->insert(Array)
#5 D:\\laragon\\www\\leader\\vendor\\laravel\\framework\\src\\Illuminate\\Collections\\Traits\\EnumeratesValues.php(235): Laravel\\Telescope\\Storage\\DatabaseEntriesRepository->Laravel\\Telescope\\Storage\\{closure}(Object(Illuminate\\Support\\Collection), 0)
#6 D:\\laragon\\www\\leader\\vendor\\laravel\\telescope\\src\\Storage\\DatabaseEntriesRepository.php(144): Illuminate\\Support\\Collection->each(Object(Closure))
#7 D:\\laragon\\www\\leader\\vendor\\laravel\\telescope\\src\\Telescope.php(668): Laravel\\Telescope\\Storage\\DatabaseEntriesRepository->store(Object(Illuminate\\Support\\Collection))
#8 [internal function]: Laravel\\Telescope\\Telescope::Laravel\\Telescope\\{closure}()
#9 D:\\laragon\\www\\leader\\vendor\\laravel\\telescope\\src\\Telescope.php(293): call_user_func(Object(Closure))
#10 D:\\laragon\\www\\leader\\vendor\\laravel\\telescope\\src\\Telescope.php(660): Laravel\\Telescope\\Telescope::withoutRecording(Object(Closure))
#11 D:\\laragon\\www\\leader\\vendor\\laravel\\telescope\\src\\ListensForStorageOpportunities.php(65): Laravel\\Telescope\\Telescope::store(Object(Laravel\\Telescope\\Storage\\DatabaseEntriesRepository))
#12 D:\\laragon\\www\\leader\\vendor\\laravel\\framework\\src\\Illuminate\\Container\\BoundMethod.php(36): Laravel\\Telescope\\Telescope::Laravel\\Telescope\\{closure}()
#13 D:\\laragon\\www\\leader\\vendor\\laravel\\framework\\src\\Illuminate\\Container\\Util.php(41): Illuminate\\Container\\BoundMethod::Illuminate\\Container\\{closure}()
#14 D:\\laragon\\www\\leader\\vendor\\laravel\\framework\\src\\Illuminate\\Container\\BoundMethod.php(81): Illuminate\\Container\\Util::unwrapIfClosure(Object(Closure))
#15 D:\\laragon\\www\\leader\\vendor\\laravel\\framework\\src\\Illuminate\\Container\\BoundMethod.php(35): Illuminate\\Container\\BoundMethod::callBoundMethod(Object(Illuminate\\Foundation\\Application), Object(Closure), Object(Closure))
#16 D:\\laragon\\www\\leader\\vendor\\laravel\\framework\\src\\Illuminate\\Container\\Container.php(661): Illuminate\\Container\\BoundMethod::call(Object(Illuminate\\Foundation\\Application), Object(Closure), Array, NULL)
#17 D:\\laragon\\www\\leader\\vendor\\laravel\\framework\\src\\Illuminate\\Foundation\\Application.php(1198): Illuminate\\Container\\Container->call(Object(Closure))
#18 D:\\laragon\\www\\leader\\vendor\\laravel\\framework\\src\\Illuminate\\Foundation\\Console\\Kernel.php(174): Illuminate\\Foundation\\Application->terminate()
#19 D:\\laragon\\www\\leader\\artisan(51): Illuminate\\Foundation\\Console\\Kernel->terminate(Object(Symfony\\Component\\Console\\Input\\ArgvInput), 0)
#20 {main}

[previous exception] [object] (PDOException(code: 2002): SQLSTATE[HY000] [2002] No connection could be made because the target machine actively refused it at D:\\laragon\\www\\leader\\vendor\\laravel\\framework\\src\\Illuminate\\Database\\Connectors\\Connector.php:70)
[stacktrace]
#0 D:\\laragon\\www\\leader\\vendor\\laravel\\framework\\src\\Illuminate\\Database\\Connectors\\Connector.php(70): PDO->__construct('mysql:host=127....', 'cloudtal_leader', Object(SensitiveParameterValue), Array)
#1 D:\\laragon\\www\\leader\\vendor\\laravel\\framework\\src\\Illuminate\\Database\\Connectors\\Connector.php(45): Illuminate\\Database\\Connectors\\Connector->createPdoConnection('mysql:host=127....', 'cloudtal_leader', '8cU-0[hlekZn', Array)
#2 D:\\laragon\\www\\leader\\vendor\\laravel\\framework\\src\\Illuminate\\Database\\Connectors\\MySqlConnector.php(24): Illuminate\\Database\\Connectors\\Connector->createConnection('mysql:host=127....', Array, Array)
#3 D:\\laragon\\www\\leader\\vendor\\laravel\\framework\\src\\Illuminate\\Database\\Connectors\\ConnectionFactory.php(184): Illuminate\\Database\\Connectors\\MySqlConnector->connect(Array)
#4 [internal function]: Illuminate\\Database\\Connectors\\ConnectionFactory->Illuminate\\Database\\Connectors\\{closure}()
#5 D:\\laragon\\www\\leader\\vendor\\laravel\\framework\\src\\Illuminate\\Database\\Connection.php(1181): call_user_func(Object(Closure))
#6 D:\\laragon\\www\\leader\\vendor\\laravel\\framework\\src\\Illuminate\\Database\\Connection.php(539): Illuminate\\Database\\Connection->getPdo()
#7 D:\\laragon\\www\\leader\\vendor\\laravel\\framework\\src\\Illuminate\\Database\\Connection.php(753): Illuminate\\Database\\Connection->Illuminate\\Database\\{closure}('insert into `te...', Array)
#8 D:\\laragon\\www\\leader\\vendor\\laravel\\framework\\src\\Illuminate\\Database\\Connection.php(720): Illuminate\\Database\\Connection->runQueryCallback('insert into `te...', Array, Object(Closure))
#9 D:\\laragon\\www\\leader\\vendor\\laravel\\framework\\src\\Illuminate\\Database\\Connection.php(534): Illuminate\\Database\\Connection->run('insert into `te...', Array, Object(Closure))
#10 D:\\laragon\\www\\leader\\vendor\\laravel\\framework\\src\\Illuminate\\Database\\Connection.php(498): Illuminate\\Database\\Connection->statement('insert into `te...', Array)
#11 D:\\laragon\\www\\leader\\vendor\\laravel\\framework\\src\\Illuminate\\Database\\Query\\Builder.php(3272): Illuminate\\Database\\Connection->insert('insert into `te...', Array)
#12 D:\\laragon\\www\\leader\\vendor\\laravel\\telescope\\src\\Storage\\DatabaseEntriesRepository.php(145): Illuminate\\Database\\Query\\Builder->insert(Array)
#13 D:\\laragon\\www\\leader\\vendor\\laravel\\framework\\src\\Illuminate\\Collections\\Traits\\EnumeratesValues.php(235): Laravel\\Telescope\\Storage\\DatabaseEntriesRepository->Laravel\\Telescope\\Storage\\{closure}(Object(Illuminate\\Support\\Collection), 0)
#14 D:\\laragon\\www\\leader\\vendor\\laravel\\telescope\\src\\Storage\\DatabaseEntriesRepository.php(144): Illuminate\\Support\\Collection->each(Object(Closure))
#15 D:\\laragon\\www\\leader\\vendor\\laravel\\telescope\\src\\Telescope.php(668): Laravel\\Telescope\\Storage\\DatabaseEntriesRepository->store(Object(Illuminate\\Support\\Collection))
#16 [internal function]: Laravel\\Telescope\\Telescope::Laravel\\Telescope\\{closure}()
#17 D:\\laragon\\www\\leader\\vendor\\laravel\\telescope\\src\\Telescope.php(293): call_user_func(Object(Closure))
#18 D:\\laragon\\www\\leader\\vendor\\laravel\\telescope\\src\\Telescope.php(660): Laravel\\Telescope\\Telescope::withoutRecording(Object(Closure))
#19 D:\\laragon\\www\\leader\\vendor\\laravel\\telescope\\src\\ListensForStorageOpportunities.php(65): Laravel\\Telescope\\Telescope::store(Object(Laravel\\Telescope\\Storage\\DatabaseEntriesRepository))
#20 D:\\laragon\\www\\leader\\vendor\\laravel\\framework\\src\\Illuminate\\Container\\BoundMethod.php(36): Laravel\\Telescope\\Telescope::Laravel\\Telescope\\{closure}()
#21 D:\\laragon\\www\\leader\\vendor\\laravel\\framework\\src\\Illuminate\\Container\\Util.php(41): Illuminate\\Container\\BoundMethod::Illuminate\\Container\\{closure}()
#22 D:\\laragon\\www\\leader\\vendor\\laravel\\framework\\src\\Illuminate\\Container\\BoundMethod.php(81): Illuminate\\Container\\Util::unwrapIfClosure(Object(Closure))
#23 D:\\laragon\\www\\leader\\vendor\\laravel\\framework\\src\\Illuminate\\Container\\BoundMethod.php(35): Illuminate\\Container\\BoundMethod::callBoundMethod(Object(Illuminate\\Foundation\\Application), Object(Closure), Object(Closure))
#24 D:\\laragon\\www\\leader\\vendor\\laravel\\framework\\src\\Illuminate\\Container\\Container.php(661): Illuminate\\Container\\BoundMethod::call(Object(Illuminate\\Foundation\\Application), Object(Closure), Array, NULL)
#25 D:\\laragon\\www\\leader\\vendor\\laravel\\framework\\src\\Illuminate\\Foundation\\Application.php(1198): Illuminate\\Container\\Container->call(Object(Closure))
#26 D:\\laragon\\www\\leader\\vendor\\laravel\\framework\\src\\Illuminate\\Foundation\\Console\\Kernel.php(174): Illuminate\\Foundation\\Application->terminate()
#27 D:\\laragon\\www\\leader\\artisan(51): Illuminate\\Foundation\\Console\\Kernel->terminate(Object(Symfony\\Component\\Console\\Input\\ArgvInput), 0)
#28 {main}
"} 
[2025-10-28 20:59:41] local.ERROR: The "--table" option does not exist. {"exception":"[object] (Symfony\\Component\\Console\\Exception\\RuntimeException(code: 0): The \"--table\" option does not exist. at D:\\laragon\\www\\leader\\vendor\\symfony\\console\\Input\\ArgvInput.php:223)
[stacktrace]
#0 D:\\laragon\\www\\leader\\vendor\\symfony\\console\\Input\\ArgvInput.php(150): Symfony\\Component\\Console\\Input\\ArgvInput->addLongOption('table', 'delivery_polici...')
#1 D:\\laragon\\www\\leader\\vendor\\symfony\\console\\Input\\ArgvInput.php(85): Symfony\\Component\\Console\\Input\\ArgvInput->parseLongOption('--table=deliver...')
#2 D:\\laragon\\www\\leader\\vendor\\symfony\\console\\Input\\ArgvInput.php(74): Symfony\\Component\\Console\\Input\\ArgvInput->parseToken('--table=deliver...', true)
#3 D:\\laragon\\www\\leader\\vendor\\symfony\\console\\Input\\Input.php(56): Symfony\\Component\\Console\\Input\\ArgvInput->parse()
#4 D:\\laragon\\www\\leader\\vendor\\symfony\\console\\Command\\Command.php(285): Symfony\\Component\\Console\\Input\\Input->bind(Object(Symfony\\Component\\Console\\Input\\InputDefinition))
#5 D:\\laragon\\www\\leader\\vendor\\laravel\\framework\\src\\Illuminate\\Console\\Command.php(152): Symfony\\Component\\Console\\Command\\Command->run(Object(Symfony\\Component\\Console\\Input\\ArgvInput), Object(Illuminate\\Console\\OutputStyle))
#6 D:\\laragon\\www\\leader\\vendor\\symfony\\console\\Application.php(1078): Illuminate\\Console\\Command->run(Object(Symfony\\Component\\Console\\Input\\ArgvInput), Object(Symfony\\Component\\Console\\Output\\ConsoleOutput))
#7 D:\\laragon\\www\\leader\\vendor\\symfony\\console\\Application.php(324): Symfony\\Component\\Console\\Application->doRunCommand(Object(Illuminate\\Database\\Console\\ShowCommand), Object(Symfony\\Component\\Console\\Input\\ArgvInput), Object(Symfony\\Component\\Console\\Output\\ConsoleOutput))
#8 D:\\laragon\\www\\leader\\vendor\\symfony\\console\\Application.php(175): Symfony\\Component\\Console\\Application->doRun(Object(Symfony\\Component\\Console\\Input\\ArgvInput), Object(Symfony\\Component\\Console\\Output\\ConsoleOutput))
#9 D:\\laragon\\www\\leader\\vendor\\laravel\\framework\\src\\Illuminate\\Console\\Application.php(102): Symfony\\Component\\Console\\Application->run(Object(Symfony\\Component\\Console\\Input\\ArgvInput), Object(Symfony\\Component\\Console\\Output\\ConsoleOutput))
#10 D:\\laragon\\www\\leader\\vendor\\laravel\\framework\\src\\Illuminate\\Foundation\\Console\\Kernel.php(155): Illuminate\\Console\\Application->run(Object(Symfony\\Component\\Console\\Input\\ArgvInput), Object(Symfony\\Component\\Console\\Output\\ConsoleOutput))
#11 D:\\laragon\\www\\leader\\artisan(35): Illuminate\\Foundation\\Console\\Kernel->handle(Object(Symfony\\Component\\Console\\Input\\ArgvInput), Object(Symfony\\Component\\Console\\Output\\ConsoleOutput))
#12 {main}
"} 
[2025-10-28 20:59:44] local.ERROR: SQLSTATE[HY000] [2002] No connection could be made because the target machine actively refused it (SQL: select count(*) as aggregate from `telescope_entries` where `type` = exception and `family_hash` = e4d6e4aeb213fb94598e27498e03490c) {"exception":"[object] (Illuminate\\Database\\QueryException(code: 2002): SQLSTATE[HY000] [2002] No connection could be made because the target machine actively refused it (SQL: select count(*) as aggregate from `telescope_entries` where `type` = exception and `family_hash` = e4d6e4aeb213fb94598e27498e03490c) at D:\\laragon\\www\\leader\\vendor\\laravel\\framework\\src\\Illuminate\\Database\\Connection.php:760)
[stacktrace]
#0 D:\\laragon\\www\\leader\\vendor\\laravel\\framework\\src\\Illuminate\\Database\\Connection.php(720): Illuminate\\Database\\Connection->runQueryCallback('select count(*)...', Array, Object(Closure))
#1 D:\\laragon\\www\\leader\\vendor\\laravel\\framework\\src\\Illuminate\\Database\\Connection.php(405): Illuminate\\Database\\Connection->run('select count(*)...', Array, Object(Closure))
#2 D:\\laragon\\www\\leader\\vendor\\laravel\\framework\\src\\Illuminate\\Database\\Query\\Builder.php(2705): Illuminate\\Database\\Connection->select('select count(*)...', Array, true)
#3 D:\\laragon\\www\\leader\\vendor\\laravel\\framework\\src\\Illuminate\\Database\\Query\\Builder.php(2694): Illuminate\\Database\\Query\\Builder->runSelect()
#4 D:\\laragon\\www\\leader\\vendor\\laravel\\framework\\src\\Illuminate\\Database\\Query\\Builder.php(3230): Illuminate\\Database\\Query\\Builder->Illuminate\\Database\\Query\\{closure}()
#5 D:\\laragon\\www\\leader\\vendor\\laravel\\framework\\src\\Illuminate\\Database\\Query\\Builder.php(2693): Illuminate\\Database\\Query\\Builder->onceWithColumns(Array, Object(Closure))
#6 D:\\laragon\\www\\leader\\vendor\\laravel\\framework\\src\\Illuminate\\Database\\Query\\Builder.php(3157): Illuminate\\Database\\Query\\Builder->get(Array)
#7 D:\\laragon\\www\\leader\\vendor\\laravel\\framework\\src\\Illuminate\\Database\\Query\\Builder.php(3085): Illuminate\\Database\\Query\\Builder->aggregate('count', Array)
#8 D:\\laragon\\www\\leader\\vendor\\laravel\\telescope\\src\\Storage\\DatabaseEntriesRepository.php(123): Illuminate\\Database\\Query\\Builder->count()
#9 D:\\laragon\\www\\leader\\vendor\\laravel\\telescope\\src\\Storage\\DatabaseEntriesRepository.php(165): Laravel\\Telescope\\Storage\\DatabaseEntriesRepository->countExceptionOccurences(Object(Laravel\\Telescope\\IncomingExceptionEntry))
#10 [internal function]: Laravel\\Telescope\\Storage\\DatabaseEntriesRepository->Laravel\\Telescope\\Storage\\{closure}(Object(Laravel\\Telescope\\IncomingExceptionEntry), 0)
#11 D:\\laragon\\www\\leader\\vendor\\laravel\\framework\\src\\Illuminate\\Collections\\Arr.php(560): array_map(Object(Closure), Array, Array)
#12 D:\\laragon\\www\\leader\\vendor\\laravel\\framework\\src\\Illuminate\\Collections\\Collection.php(768): Illuminate\\Support\\Arr::map(Array, Object(Closure))
#13 D:\\laragon\\www\\leader\\vendor\\laravel\\telescope\\src\\Storage\\DatabaseEntriesRepository.php(164): Illuminate\\Support\\Collection->map(Object(Closure))
#14 D:\\laragon\\www\\leader\\vendor\\laravel\\framework\\src\\Illuminate\\Collections\\Traits\\EnumeratesValues.php(235): Laravel\\Telescope\\Storage\\DatabaseEntriesRepository->Laravel\\Telescope\\Storage\\{closure}(Object(Illuminate\\Support\\Collection), 0)
#15 D:\\laragon\\www\\leader\\vendor\\laravel\\telescope\\src\\Storage\\DatabaseEntriesRepository.php(163): Illuminate\\Support\\Collection->each(Object(Closure))
#16 D:\\laragon\\www\\leader\\vendor\\laravel\\telescope\\src\\Storage\\DatabaseEntriesRepository.php(140): Laravel\\Telescope\\Storage\\DatabaseEntriesRepository->storeExceptions(Object(Illuminate\\Support\\Collection))
#17 D:\\laragon\\www\\leader\\vendor\\laravel\\telescope\\src\\Telescope.php(668): Laravel\\Telescope\\Storage\\DatabaseEntriesRepository->store(Object(Illuminate\\Support\\Collection))
#18 [internal function]: Laravel\\Telescope\\Telescope::Laravel\\Telescope\\{closure}()
#19 D:\\laragon\\www\\leader\\vendor\\laravel\\telescope\\src\\Telescope.php(293): call_user_func(Object(Closure))
#20 D:\\laragon\\www\\leader\\vendor\\laravel\\telescope\\src\\Telescope.php(660): Laravel\\Telescope\\Telescope::withoutRecording(Object(Closure))
#21 D:\\laragon\\www\\leader\\vendor\\laravel\\telescope\\src\\ListensForStorageOpportunities.php(65): Laravel\\Telescope\\Telescope::store(Object(Laravel\\Telescope\\Storage\\DatabaseEntriesRepository))
#22 D:\\laragon\\www\\leader\\vendor\\laravel\\framework\\src\\Illuminate\\Container\\BoundMethod.php(36): Laravel\\Telescope\\Telescope::Laravel\\Telescope\\{closure}()
#23 D:\\laragon\\www\\leader\\vendor\\laravel\\framework\\src\\Illuminate\\Container\\Util.php(41): Illuminate\\Container\\BoundMethod::Illuminate\\Container\\{closure}()
#24 D:\\laragon\\www\\leader\\vendor\\laravel\\framework\\src\\Illuminate\\Container\\BoundMethod.php(81): Illuminate\\Container\\Util::unwrapIfClosure(Object(Closure))
#25 D:\\laragon\\www\\leader\\vendor\\laravel\\framework\\src\\Illuminate\\Container\\BoundMethod.php(35): Illuminate\\Container\\BoundMethod::callBoundMethod(Object(Illuminate\\Foundation\\Application), Object(Closure), Object(Closure))
#26 D:\\laragon\\www\\leader\\vendor\\laravel\\framework\\src\\Illuminate\\Container\\Container.php(661): Illuminate\\Container\\BoundMethod::call(Object(Illuminate\\Foundation\\Application), Object(Closure), Array, NULL)
#27 D:\\laragon\\www\\leader\\vendor\\laravel\\framework\\src\\Illuminate\\Foundation\\Application.php(1198): Illuminate\\Container\\Container->call(Object(Closure))
#28 D:\\laragon\\www\\leader\\vendor\\laravel\\framework\\src\\Illuminate\\Foundation\\Console\\Kernel.php(174): Illuminate\\Foundation\\Application->terminate()
#29 D:\\laragon\\www\\leader\\artisan(51): Illuminate\\Foundation\\Console\\Kernel->terminate(Object(Symfony\\Component\\Console\\Input\\ArgvInput), 1)
#30 {main}

[previous exception] [object] (PDOException(code: 2002): SQLSTATE[HY000] [2002] No connection could be made because the target machine actively refused it at D:\\laragon\\www\\leader\\vendor\\laravel\\framework\\src\\Illuminate\\Database\\Connectors\\Connector.php:70)
[stacktrace]
#0 D:\\laragon\\www\\leader\\vendor\\laravel\\framework\\src\\Illuminate\\Database\\Connectors\\Connector.php(70): PDO->__construct('mysql:host=127....', 'cloudtal_leader', Object(SensitiveParameterValue), Array)
#1 D:\\laragon\\www\\leader\\vendor\\laravel\\framework\\src\\Illuminate\\Database\\Connectors\\Connector.php(45): Illuminate\\Database\\Connectors\\Connector->createPdoConnection('mysql:host=127....', 'cloudtal_leader', '8cU-0[hlekZn', Array)
#2 D:\\laragon\\www\\leader\\vendor\\laravel\\framework\\src\\Illuminate\\Database\\Connectors\\MySqlConnector.php(24): Illuminate\\Database\\Connectors\\Connector->createConnection('mysql:host=127....', Array, Array)
#3 D:\\laragon\\www\\leader\\vendor\\laravel\\framework\\src\\Illuminate\\Database\\Connectors\\ConnectionFactory.php(184): Illuminate\\Database\\Connectors\\MySqlConnector->connect(Array)
#4 [internal function]: Illuminate\\Database\\Connectors\\ConnectionFactory->Illuminate\\Database\\Connectors\\{closure}()
#5 D:\\laragon\\www\\leader\\vendor\\laravel\\framework\\src\\Illuminate\\Database\\Connection.php(1181): call_user_func(Object(Closure))
#6 D:\\laragon\\www\\leader\\vendor\\laravel\\framework\\src\\Illuminate\\Database\\Connection.php(1217): Illuminate\\Database\\Connection->getPdo()
#7 D:\\laragon\\www\\leader\\vendor\\laravel\\framework\\src\\Illuminate\\Database\\Connection.php(486): Illuminate\\Database\\Connection->getReadPdo()
#8 D:\\laragon\\www\\leader\\vendor\\laravel\\framework\\src\\Illuminate\\Database\\Connection.php(414): Illuminate\\Database\\Connection->getPdoForSelect(true)
#9 D:\\laragon\\www\\leader\\vendor\\laravel\\framework\\src\\Illuminate\\Database\\Connection.php(753): Illuminate\\Database\\Connection->Illuminate\\Database\\{closure}('select count(*)...', Array)
#10 D:\\laragon\\www\\leader\\vendor\\laravel\\framework\\src\\Illuminate\\Database\\Connection.php(720): Illuminate\\Database\\Connection->runQueryCallback('select count(*)...', Array, Object(Closure))
#11 D:\\laragon\\www\\leader\\vendor\\laravel\\framework\\src\\Illuminate\\Database\\Connection.php(405): Illuminate\\Database\\Connection->run('select count(*)...', Array, Object(Closure))
#12 D:\\laragon\\www\\leader\\vendor\\laravel\\framework\\src\\Illuminate\\Database\\Query\\Builder.php(2705): Illuminate\\Database\\Connection->select('select count(*)...', Array, true)
#13 D:\\laragon\\www\\leader\\vendor\\laravel\\framework\\src\\Illuminate\\Database\\Query\\Builder.php(2694): Illuminate\\Database\\Query\\Builder->runSelect()
#14 D:\\laragon\\www\\leader\\vendor\\laravel\\framework\\src\\Illuminate\\Database\\Query\\Builder.php(3230): Illuminate\\Database\\Query\\Builder->Illuminate\\Database\\Query\\{closure}()
#15 D:\\laragon\\www\\leader\\vendor\\laravel\\framework\\src\\Illuminate\\Database\\Query\\Builder.php(2693): Illuminate\\Database\\Query\\Builder->onceWithColumns(Array, Object(Closure))
#16 D:\\laragon\\www\\leader\\vendor\\laravel\\framework\\src\\Illuminate\\Database\\Query\\Builder.php(3157): Illuminate\\Database\\Query\\Builder->get(Array)
#17 D:\\laragon\\www\\leader\\vendor\\laravel\\framework\\src\\Illuminate\\Database\\Query\\Builder.php(3085): Illuminate\\Database\\Query\\Builder->aggregate('count', Array)
#18 D:\\laragon\\www\\leader\\vendor\\laravel\\telescope\\src\\Storage\\DatabaseEntriesRepository.php(123): Illuminate\\Database\\Query\\Builder->count()
#19 D:\\laragon\\www\\leader\\vendor\\laravel\\telescope\\src\\Storage\\DatabaseEntriesRepository.php(165): Laravel\\Telescope\\Storage\\DatabaseEntriesRepository->countExceptionOccurences(Object(Laravel\\Telescope\\IncomingExceptionEntry))
#20 [internal function]: Laravel\\Telescope\\Storage\\DatabaseEntriesRepository->Laravel\\Telescope\\Storage\\{closure}(Object(Laravel\\Telescope\\IncomingExceptionEntry), 0)
#21 D:\\laragon\\www\\leader\\vendor\\laravel\\framework\\src\\Illuminate\\Collections\\Arr.php(560): array_map(Object(Closure), Array, Array)
#22 D:\\laragon\\www\\leader\\vendor\\laravel\\framework\\src\\Illuminate\\Collections\\Collection.php(768): Illuminate\\Support\\Arr::map(Array, Object(Closure))
#23 D:\\laragon\\www\\leader\\vendor\\laravel\\telescope\\src\\Storage\\DatabaseEntriesRepository.php(164): Illuminate\\Support\\Collection->map(Object(Closure))
#24 D:\\laragon\\www\\leader\\vendor\\laravel\\framework\\src\\Illuminate\\Collections\\Traits\\EnumeratesValues.php(235): Laravel\\Telescope\\Storage\\DatabaseEntriesRepository->Laravel\\Telescope\\Storage\\{closure}(Object(Illuminate\\Support\\Collection), 0)
#25 D:\\laragon\\www\\leader\\vendor\\laravel\\telescope\\src\\Storage\\DatabaseEntriesRepository.php(163): Illuminate\\Support\\Collection->each(Object(Closure))
#26 D:\\laragon\\www\\leader\\vendor\\laravel\\telescope\\src\\Storage\\DatabaseEntriesRepository.php(140): Laravel\\Telescope\\Storage\\DatabaseEntriesRepository->storeExceptions(Object(Illuminate\\Support\\Collection))
#27 D:\\laragon\\www\\leader\\vendor\\laravel\\telescope\\src\\Telescope.php(668): Laravel\\Telescope\\Storage\\DatabaseEntriesRepository->store(Object(Illuminate\\Support\\Collection))
#28 [internal function]: Laravel\\Telescope\\Telescope::Laravel\\Telescope\\{closure}()
#29 D:\\laragon\\www\\leader\\vendor\\laravel\\telescope\\src\\Telescope.php(293): call_user_func(Object(Closure))
#30 D:\\laragon\\www\\leader\\vendor\\laravel\\telescope\\src\\Telescope.php(660): Laravel\\Telescope\\Telescope::withoutRecording(Object(Closure))
#31 D:\\laragon\\www\\leader\\vendor\\laravel\\telescope\\src\\ListensForStorageOpportunities.php(65): Laravel\\Telescope\\Telescope::store(Object(Laravel\\Telescope\\Storage\\DatabaseEntriesRepository))
#32 D:\\laragon\\www\\leader\\vendor\\laravel\\framework\\src\\Illuminate\\Container\\BoundMethod.php(36): Laravel\\Telescope\\Telescope::Laravel\\Telescope\\{closure}()
#33 D:\\laragon\\www\\leader\\vendor\\laravel\\framework\\src\\Illuminate\\Container\\Util.php(41): Illuminate\\Container\\BoundMethod::Illuminate\\Container\\{closure}()
#34 D:\\laragon\\www\\leader\\vendor\\laravel\\framework\\src\\Illuminate\\Container\\BoundMethod.php(81): Illuminate\\Container\\Util::unwrapIfClosure(Object(Closure))
#35 D:\\laragon\\www\\leader\\vendor\\laravel\\framework\\src\\Illuminate\\Container\\BoundMethod.php(35): Illuminate\\Container\\BoundMethod::callBoundMethod(Object(Illuminate\\Foundation\\Application), Object(Closure), Object(Closure))
#36 D:\\laragon\\www\\leader\\vendor\\laravel\\framework\\src\\Illuminate\\Container\\Container.php(661): Illuminate\\Container\\BoundMethod::call(Object(Illuminate\\Foundation\\Application), Object(Closure), Array, NULL)
#37 D:\\laragon\\www\\leader\\vendor\\laravel\\framework\\src\\Illuminate\\Foundation\\Application.php(1198): Illuminate\\Container\\Container->call(Object(Closure))
#38 D:\\laragon\\www\\leader\\vendor\\laravel\\framework\\src\\Illuminate\\Foundation\\Console\\Kernel.php(174): Illuminate\\Foundation\\Application->terminate()
#39 D:\\laragon\\www\\leader\\artisan(51): Illuminate\\Foundation\\Console\\Kernel->terminate(Object(Symfony\\Component\\Console\\Input\\ArgvInput), 1)
#40 {main}
"} 
[2025-10-28 21:06:09] local.ERROR: SQLSTATE[HY000] [1524] Plugin 'mysql_native_password' is not loaded (SQL: select * from information_schema.tables where table_schema = cloudtal_leader and table_name = migrations and table_type = 'BASE TABLE') {"exception":"[object] (Illuminate\\Database\\QueryException(code: 1524): SQLSTATE[HY000] [1524] Plugin 'mysql_native_password' is not loaded (SQL: select * from information_schema.tables where table_schema = cloudtal_leader and table_name = migrations and table_type = 'BASE TABLE') at D:\\laragon\\www\\leader\\vendor\\laravel\\framework\\src\\Illuminate\\Database\\Connection.php:760)
[stacktrace]
#0 D:\\laragon\\www\\leader\\vendor\\laravel\\framework\\src\\Illuminate\\Database\\Connection.php(720): Illuminate\\Database\\Connection->runQueryCallback('select * from i...', Array, Object(Closure))
#1 D:\\laragon\\www\\leader\\vendor\\laravel\\framework\\src\\Illuminate\\Database\\Connection.php(405): Illuminate\\Database\\Connection->run('select * from i...', Array, Object(Closure))
#2 D:\\laragon\\www\\leader\\vendor\\laravel\\framework\\src\\Illuminate\\Database\\Connection.php(392): Illuminate\\Database\\Connection->select('select * from i...', Array, false)
#3 D:\\laragon\\www\\leader\\vendor\\laravel\\framework\\src\\Illuminate\\Database\\Schema\\MySqlBuilder.php(43): Illuminate\\Database\\Connection->selectFromWriteConnection('select * from i...', Array)
#4 D:\\laragon\\www\\leader\\vendor\\laravel\\framework\\src\\Illuminate\\Database\\Migrations\\DatabaseMigrationRepository.php(169): Illuminate\\Database\\Schema\\MySqlBuilder->hasTable('migrations')
#5 D:\\laragon\\www\\leader\\vendor\\laravel\\framework\\src\\Illuminate\\Database\\Migrations\\Migrator.php(722): Illuminate\\Database\\Migrations\\DatabaseMigrationRepository->repositoryExists()
#6 D:\\laragon\\www\\leader\\vendor\\laravel\\framework\\src\\Illuminate\\Database\\Console\\Migrations\\MigrateCommand.php(138): Illuminate\\Database\\Migrations\\Migrator->repositoryExists()
#7 D:\\laragon\\www\\leader\\vendor\\laravel\\framework\\src\\Illuminate\\Support\\helpers.php(260): Illuminate\\Database\\Console\\Migrations\\MigrateCommand->Illuminate\\Database\\Console\\Migrations\\{closure}(1)
#8 D:\\laragon\\www\\leader\\vendor\\laravel\\framework\\src\\Illuminate\\Database\\Console\\Migrations\\MigrateCommand.php(138): retry(1, Object(Closure), 0, Object(Closure))
#9 D:\\laragon\\www\\leader\\vendor\\laravel\\framework\\src\\Illuminate\\Database\\Console\\Migrations\\MigrateCommand.php(114): Illuminate\\Database\\Console\\Migrations\\MigrateCommand->repositoryExists()
#10 D:\\laragon\\www\\leader\\vendor\\laravel\\framework\\src\\Illuminate\\Database\\Console\\Migrations\\MigrateCommand.php(82): Illuminate\\Database\\Console\\Migrations\\MigrateCommand->prepareDatabase()
#11 D:\\laragon\\www\\leader\\vendor\\laravel\\framework\\src\\Illuminate\\Database\\Migrations\\Migrator.php(636): Illuminate\\Database\\Console\\Migrations\\MigrateCommand->Illuminate\\Database\\Console\\Migrations\\{closure}()
#12 D:\\laragon\\www\\leader\\vendor\\laravel\\framework\\src\\Illuminate\\Database\\Console\\Migrations\\MigrateCommand.php(81): Illuminate\\Database\\Migrations\\Migrator->usingConnection(NULL, Object(Closure))
#13 D:\\laragon\\www\\leader\\vendor\\laravel\\framework\\src\\Illuminate\\Container\\BoundMethod.php(36): Illuminate\\Database\\Console\\Migrations\\MigrateCommand->handle()
#14 D:\\laragon\\www\\leader\\vendor\\laravel\\framework\\src\\Illuminate\\Container\\Util.php(41): Illuminate\\Container\\BoundMethod::Illuminate\\Container\\{closure}()
#15 D:\\laragon\\www\\leader\\vendor\\laravel\\framework\\src\\Illuminate\\Container\\BoundMethod.php(93): Illuminate\\Container\\Util::unwrapIfClosure(Object(Closure))
#16 D:\\laragon\\www\\leader\\vendor\\laravel\\framework\\src\\Illuminate\\Container\\BoundMethod.php(35): Illuminate\\Container\\BoundMethod::callBoundMethod(Object(Illuminate\\Foundation\\Application), Array, Object(Closure))
#17 D:\\laragon\\www\\leader\\vendor\\laravel\\framework\\src\\Illuminate\\Container\\Container.php(661): Illuminate\\Container\\BoundMethod::call(Object(Illuminate\\Foundation\\Application), Array, Array, NULL)
#18 D:\\laragon\\www\\leader\\vendor\\laravel\\framework\\src\\Illuminate\\Console\\Command.php(183): Illuminate\\Container\\Container->call(Array)
#19 D:\\laragon\\www\\leader\\vendor\\symfony\\console\\Command\\Command.php(326): Illuminate\\Console\\Command->execute(Object(Symfony\\Component\\Console\\Input\\ArgvInput), Object(Illuminate\\Console\\OutputStyle))
#20 D:\\laragon\\www\\leader\\vendor\\laravel\\framework\\src\\Illuminate\\Console\\Command.php(152): Symfony\\Component\\Console\\Command\\Command->run(Object(Symfony\\Component\\Console\\Input\\ArgvInput), Object(Illuminate\\Console\\OutputStyle))
#21 D:\\laragon\\www\\leader\\vendor\\symfony\\console\\Application.php(1078): Illuminate\\Console\\Command->run(Object(Symfony\\Component\\Console\\Input\\ArgvInput), Object(Symfony\\Component\\Console\\Output\\ConsoleOutput))
#22 D:\\laragon\\www\\leader\\vendor\\symfony\\console\\Application.php(324): Symfony\\Component\\Console\\Application->doRunCommand(Object(Illuminate\\Database\\Console\\Migrations\\MigrateCommand), Object(Symfony\\Component\\Console\\Input\\ArgvInput), Object(Symfony\\Component\\Console\\Output\\ConsoleOutput))
#23 D:\\laragon\\www\\leader\\vendor\\symfony\\console\\Application.php(175): Symfony\\Component\\Console\\Application->doRun(Object(Symfony\\Component\\Console\\Input\\ArgvInput), Object(Symfony\\Component\\Console\\Output\\ConsoleOutput))
#24 D:\\laragon\\www\\leader\\vendor\\laravel\\framework\\src\\Illuminate\\Console\\Application.php(102): Symfony\\Component\\Console\\Application->run(Object(Symfony\\Component\\Console\\Input\\ArgvInput), Object(Symfony\\Component\\Console\\Output\\ConsoleOutput))
#25 D:\\laragon\\www\\leader\\vendor\\laravel\\framework\\src\\Illuminate\\Foundation\\Console\\Kernel.php(155): Illuminate\\Console\\Application->run(Object(Symfony\\Component\\Console\\Input\\ArgvInput), Object(Symfony\\Component\\Console\\Output\\ConsoleOutput))
#26 D:\\laragon\\www\\leader\\artisan(35): Illuminate\\Foundation\\Console\\Kernel->handle(Object(Symfony\\Component\\Console\\Input\\ArgvInput), Object(Symfony\\Component\\Console\\Output\\ConsoleOutput))
#27 {main}

[previous exception] [object] (PDOException(code: 1524): SQLSTATE[HY000] [1524] Plugin 'mysql_native_password' is not loaded at D:\\laragon\\www\\leader\\vendor\\laravel\\framework\\src\\Illuminate\\Database\\Connectors\\Connector.php:70)
[stacktrace]
#0 D:\\laragon\\www\\leader\\vendor\\laravel\\framework\\src\\Illuminate\\Database\\Connectors\\Connector.php(70): PDO->__construct('mysql:host=127....', 'cloudtal_leader', Object(SensitiveParameterValue), Array)
#1 D:\\laragon\\www\\leader\\vendor\\laravel\\framework\\src\\Illuminate\\Database\\Connectors\\Connector.php(45): Illuminate\\Database\\Connectors\\Connector->createPdoConnection('mysql:host=127....', 'cloudtal_leader', '8cU-0[hlekZn', Array)
#2 D:\\laragon\\www\\leader\\vendor\\laravel\\framework\\src\\Illuminate\\Database\\Connectors\\MySqlConnector.php(24): Illuminate\\Database\\Connectors\\Connector->createConnection('mysql:host=127....', Array, Array)
#3 D:\\laragon\\www\\leader\\vendor\\laravel\\framework\\src\\Illuminate\\Database\\Connectors\\ConnectionFactory.php(184): Illuminate\\Database\\Connectors\\MySqlConnector->connect(Array)
#4 [internal function]: Illuminate\\Database\\Connectors\\ConnectionFactory->Illuminate\\Database\\Connectors\\{closure}()
#5 D:\\laragon\\www\\leader\\vendor\\laravel\\framework\\src\\Illuminate\\Database\\Connection.php(1181): call_user_func(Object(Closure))
#6 D:\\laragon\\www\\leader\\vendor\\laravel\\framework\\src\\Illuminate\\Database\\Connection.php(486): Illuminate\\Database\\Connection->getPdo()
#7 D:\\laragon\\www\\leader\\vendor\\laravel\\framework\\src\\Illuminate\\Database\\Connection.php(414): Illuminate\\Database\\Connection->getPdoForSelect(false)
#8 D:\\laragon\\www\\leader\\vendor\\laravel\\framework\\src\\Illuminate\\Database\\Connection.php(753): Illuminate\\Database\\Connection->Illuminate\\Database\\{closure}('select * from i...', Array)
#9 D:\\laragon\\www\\leader\\vendor\\laravel\\framework\\src\\Illuminate\\Database\\Connection.php(720): Illuminate\\Database\\Connection->runQueryCallback('select * from i...', Array, Object(Closure))
#10 D:\\laragon\\www\\leader\\vendor\\laravel\\framework\\src\\Illuminate\\Database\\Connection.php(405): Illuminate\\Database\\Connection->run('select * from i...', Array, Object(Closure))
#11 D:\\laragon\\www\\leader\\vendor\\laravel\\framework\\src\\Illuminate\\Database\\Connection.php(392): Illuminate\\Database\\Connection->select('select * from i...', Array, false)
#12 D:\\laragon\\www\\leader\\vendor\\laravel\\framework\\src\\Illuminate\\Database\\Schema\\MySqlBuilder.php(43): Illuminate\\Database\\Connection->selectFromWriteConnection('select * from i...', Array)
#13 D:\\laragon\\www\\leader\\vendor\\laravel\\framework\\src\\Illuminate\\Database\\Migrations\\DatabaseMigrationRepository.php(169): Illuminate\\Database\\Schema\\MySqlBuilder->hasTable('migrations')
#14 D:\\laragon\\www\\leader\\vendor\\laravel\\framework\\src\\Illuminate\\Database\\Migrations\\Migrator.php(722): Illuminate\\Database\\Migrations\\DatabaseMigrationRepository->repositoryExists()
#15 D:\\laragon\\www\\leader\\vendor\\laravel\\framework\\src\\Illuminate\\Database\\Console\\Migrations\\MigrateCommand.php(138): Illuminate\\Database\\Migrations\\Migrator->repositoryExists()
#16 D:\\laragon\\www\\leader\\vendor\\laravel\\framework\\src\\Illuminate\\Support\\helpers.php(260): Illuminate\\Database\\Console\\Migrations\\MigrateCommand->Illuminate\\Database\\Console\\Migrations\\{closure}(1)
#17 D:\\laragon\\www\\leader\\vendor\\laravel\\framework\\src\\Illuminate\\Database\\Console\\Migrations\\MigrateCommand.php(138): retry(1, Object(Closure), 0, Object(Closure))
#18 D:\\laragon\\www\\leader\\vendor\\laravel\\framework\\src\\Illuminate\\Database\\Console\\Migrations\\MigrateCommand.php(114): Illuminate\\Database\\Console\\Migrations\\MigrateCommand->repositoryExists()
#19 D:\\laragon\\www\\leader\\vendor\\laravel\\framework\\src\\Illuminate\\Database\\Console\\Migrations\\MigrateCommand.php(82): Illuminate\\Database\\Console\\Migrations\\MigrateCommand->prepareDatabase()
#20 D:\\laragon\\www\\leader\\vendor\\laravel\\framework\\src\\Illuminate\\Database\\Migrations\\Migrator.php(636): Illuminate\\Database\\Console\\Migrations\\MigrateCommand->Illuminate\\Database\\Console\\Migrations\\{closure}()
#21 D:\\laragon\\www\\leader\\vendor\\laravel\\framework\\src\\Illuminate\\Database\\Console\\Migrations\\MigrateCommand.php(81): Illuminate\\Database\\Migrations\\Migrator->usingConnection(NULL, Object(Closure))
#22 D:\\laragon\\www\\leader\\vendor\\laravel\\framework\\src\\Illuminate\\Container\\BoundMethod.php(36): Illuminate\\Database\\Console\\Migrations\\MigrateCommand->handle()
#23 D:\\laragon\\www\\leader\\vendor\\laravel\\framework\\src\\Illuminate\\Container\\Util.php(41): Illuminate\\Container\\BoundMethod::Illuminate\\Container\\{closure}()
#24 D:\\laragon\\www\\leader\\vendor\\laravel\\framework\\src\\Illuminate\\Container\\BoundMethod.php(93): Illuminate\\Container\\Util::unwrapIfClosure(Object(Closure))
#25 D:\\laragon\\www\\leader\\vendor\\laravel\\framework\\src\\Illuminate\\Container\\BoundMethod.php(35): Illuminate\\Container\\BoundMethod::callBoundMethod(Object(Illuminate\\Foundation\\Application), Array, Object(Closure))
#26 D:\\laragon\\www\\leader\\vendor\\laravel\\framework\\src\\Illuminate\\Container\\Container.php(661): Illuminate\\Container\\BoundMethod::call(Object(Illuminate\\Foundation\\Application), Array, Array, NULL)
#27 D:\\laragon\\www\\leader\\vendor\\laravel\\framework\\src\\Illuminate\\Console\\Command.php(183): Illuminate\\Container\\Container->call(Array)
#28 D:\\laragon\\www\\leader\\vendor\\symfony\\console\\Command\\Command.php(326): Illuminate\\Console\\Command->execute(Object(Symfony\\Component\\Console\\Input\\ArgvInput), Object(Illuminate\\Console\\OutputStyle))
#29 D:\\laragon\\www\\leader\\vendor\\laravel\\framework\\src\\Illuminate\\Console\\Command.php(152): Symfony\\Component\\Console\\Command\\Command->run(Object(Symfony\\Component\\Console\\Input\\ArgvInput), Object(Illuminate\\Console\\OutputStyle))
#30 D:\\laragon\\www\\leader\\vendor\\symfony\\console\\Application.php(1078): Illuminate\\Console\\Command->run(Object(Symfony\\Component\\Console\\Input\\ArgvInput), Object(Symfony\\Component\\Console\\Output\\ConsoleOutput))
#31 D:\\laragon\\www\\leader\\vendor\\symfony\\console\\Application.php(324): Symfony\\Component\\Console\\Application->doRunCommand(Object(Illuminate\\Database\\Console\\Migrations\\MigrateCommand), Object(Symfony\\Component\\Console\\Input\\ArgvInput), Object(Symfony\\Component\\Console\\Output\\ConsoleOutput))
#32 D:\\laragon\\www\\leader\\vendor\\symfony\\console\\Application.php(175): Symfony\\Component\\Console\\Application->doRun(Object(Symfony\\Component\\Console\\Input\\ArgvInput), Object(Symfony\\Component\\Console\\Output\\ConsoleOutput))
#33 D:\\laragon\\www\\leader\\vendor\\laravel\\framework\\src\\Illuminate\\Console\\Application.php(102): Symfony\\Component\\Console\\Application->run(Object(Symfony\\Component\\Console\\Input\\ArgvInput), Object(Symfony\\Component\\Console\\Output\\ConsoleOutput))
#34 D:\\laragon\\www\\leader\\vendor\\laravel\\framework\\src\\Illuminate\\Foundation\\Console\\Kernel.php(155): Illuminate\\Console\\Application->run(Object(Symfony\\Component\\Console\\Input\\ArgvInput), Object(Symfony\\Component\\Console\\Output\\ConsoleOutput))
#35 D:\\laragon\\www\\leader\\artisan(35): Illuminate\\Foundation\\Console\\Kernel->handle(Object(Symfony\\Component\\Console\\Input\\ArgvInput), Object(Symfony\\Component\\Console\\Output\\ConsoleOutput))
#36 {main}
"} 
[2025-10-28 21:06:09] local.ERROR: SQLSTATE[HY000] [1524] Plugin 'mysql_native_password' is not loaded (SQL: select count(*) as aggregate from `telescope_entries` where `type` = exception and `family_hash` = 58e99d3b9349438a83e7a062abcecbda) {"exception":"[object] (Illuminate\\Database\\QueryException(code: 1524): SQLSTATE[HY000] [1524] Plugin 'mysql_native_password' is not loaded (SQL: select count(*) as aggregate from `telescope_entries` where `type` = exception and `family_hash` = 58e99d3b9349438a83e7a062abcecbda) at D:\\laragon\\www\\leader\\vendor\\laravel\\framework\\src\\Illuminate\\Database\\Connection.php:760)
[stacktrace]
#0 D:\\laragon\\www\\leader\\vendor\\laravel\\framework\\src\\Illuminate\\Database\\Connection.php(720): Illuminate\\Database\\Connection->runQueryCallback('select count(*)...', Array, Object(Closure))
#1 D:\\laragon\\www\\leader\\vendor\\laravel\\framework\\src\\Illuminate\\Database\\Connection.php(405): Illuminate\\Database\\Connection->run('select count(*)...', Array, Object(Closure))
#2 D:\\laragon\\www\\leader\\vendor\\laravel\\framework\\src\\Illuminate\\Database\\Query\\Builder.php(2705): Illuminate\\Database\\Connection->select('select count(*)...', Array, true)
#3 D:\\laragon\\www\\leader\\vendor\\laravel\\framework\\src\\Illuminate\\Database\\Query\\Builder.php(2694): Illuminate\\Database\\Query\\Builder->runSelect()
#4 D:\\laragon\\www\\leader\\vendor\\laravel\\framework\\src\\Illuminate\\Database\\Query\\Builder.php(3230): Illuminate\\Database\\Query\\Builder->Illuminate\\Database\\Query\\{closure}()
#5 D:\\laragon\\www\\leader\\vendor\\laravel\\framework\\src\\Illuminate\\Database\\Query\\Builder.php(2693): Illuminate\\Database\\Query\\Builder->onceWithColumns(Array, Object(Closure))
#6 D:\\laragon\\www\\leader\\vendor\\laravel\\framework\\src\\Illuminate\\Database\\Query\\Builder.php(3157): Illuminate\\Database\\Query\\Builder->get(Array)
#7 D:\\laragon\\www\\leader\\vendor\\laravel\\framework\\src\\Illuminate\\Database\\Query\\Builder.php(3085): Illuminate\\Database\\Query\\Builder->aggregate('count', Array)
#8 D:\\laragon\\www\\leader\\vendor\\laravel\\telescope\\src\\Storage\\DatabaseEntriesRepository.php(123): Illuminate\\Database\\Query\\Builder->count()
#9 D:\\laragon\\www\\leader\\vendor\\laravel\\telescope\\src\\Storage\\DatabaseEntriesRepository.php(165): Laravel\\Telescope\\Storage\\DatabaseEntriesRepository->countExceptionOccurences(Object(Laravel\\Telescope\\IncomingExceptionEntry))
#10 [internal function]: Laravel\\Telescope\\Storage\\DatabaseEntriesRepository->Laravel\\Telescope\\Storage\\{closure}(Object(Laravel\\Telescope\\IncomingExceptionEntry), 0)
#11 D:\\laragon\\www\\leader\\vendor\\laravel\\framework\\src\\Illuminate\\Collections\\Arr.php(560): array_map(Object(Closure), Array, Array)
#12 D:\\laragon\\www\\leader\\vendor\\laravel\\framework\\src\\Illuminate\\Collections\\Collection.php(768): Illuminate\\Support\\Arr::map(Array, Object(Closure))
#13 D:\\laragon\\www\\leader\\vendor\\laravel\\telescope\\src\\Storage\\DatabaseEntriesRepository.php(164): Illuminate\\Support\\Collection->map(Object(Closure))
#14 D:\\laragon\\www\\leader\\vendor\\laravel\\framework\\src\\Illuminate\\Collections\\Traits\\EnumeratesValues.php(235): Laravel\\Telescope\\Storage\\DatabaseEntriesRepository->Laravel\\Telescope\\Storage\\{closure}(Object(Illuminate\\Support\\Collection), 0)
#15 D:\\laragon\\www\\leader\\vendor\\laravel\\telescope\\src\\Storage\\DatabaseEntriesRepository.php(163): Illuminate\\Support\\Collection->each(Object(Closure))
#16 D:\\laragon\\www\\leader\\vendor\\laravel\\telescope\\src\\Storage\\DatabaseEntriesRepository.php(140): Laravel\\Telescope\\Storage\\DatabaseEntriesRepository->storeExceptions(Object(Illuminate\\Support\\Collection))
#17 D:\\laragon\\www\\leader\\vendor\\laravel\\telescope\\src\\Telescope.php(668): Laravel\\Telescope\\Storage\\DatabaseEntriesRepository->store(Object(Illuminate\\Support\\Collection))
#18 [internal function]: Laravel\\Telescope\\Telescope::Laravel\\Telescope\\{closure}()
#19 D:\\laragon\\www\\leader\\vendor\\laravel\\telescope\\src\\Telescope.php(293): call_user_func(Object(Closure))
#20 D:\\laragon\\www\\leader\\vendor\\laravel\\telescope\\src\\Telescope.php(660): Laravel\\Telescope\\Telescope::withoutRecording(Object(Closure))
#21 D:\\laragon\\www\\leader\\vendor\\laravel\\telescope\\src\\ListensForStorageOpportunities.php(65): Laravel\\Telescope\\Telescope::store(Object(Laravel\\Telescope\\Storage\\DatabaseEntriesRepository))
#22 D:\\laragon\\www\\leader\\vendor\\laravel\\framework\\src\\Illuminate\\Container\\BoundMethod.php(36): Laravel\\Telescope\\Telescope::Laravel\\Telescope\\{closure}()
#23 D:\\laragon\\www\\leader\\vendor\\laravel\\framework\\src\\Illuminate\\Container\\Util.php(41): Illuminate\\Container\\BoundMethod::Illuminate\\Container\\{closure}()
#24 D:\\laragon\\www\\leader\\vendor\\laravel\\framework\\src\\Illuminate\\Container\\BoundMethod.php(81): Illuminate\\Container\\Util::unwrapIfClosure(Object(Closure))
#25 D:\\laragon\\www\\leader\\vendor\\laravel\\framework\\src\\Illuminate\\Container\\BoundMethod.php(35): Illuminate\\Container\\BoundMethod::callBoundMethod(Object(Illuminate\\Foundation\\Application), Object(Closure), Object(Closure))
#26 D:\\laragon\\www\\leader\\vendor\\laravel\\framework\\src\\Illuminate\\Container\\Container.php(661): Illuminate\\Container\\BoundMethod::call(Object(Illuminate\\Foundation\\Application), Object(Closure), Array, NULL)
#27 D:\\laragon\\www\\leader\\vendor\\laravel\\framework\\src\\Illuminate\\Foundation\\Application.php(1198): Illuminate\\Container\\Container->call(Object(Closure))
#28 D:\\laragon\\www\\leader\\vendor\\laravel\\framework\\src\\Illuminate\\Foundation\\Console\\Kernel.php(174): Illuminate\\Foundation\\Application->terminate()
#29 D:\\laragon\\www\\leader\\artisan(51): Illuminate\\Foundation\\Console\\Kernel->terminate(Object(Symfony\\Component\\Console\\Input\\ArgvInput), 1)
#30 {main}

[previous exception] [object] (PDOException(code: 1524): SQLSTATE[HY000] [1524] Plugin 'mysql_native_password' is not loaded at D:\\laragon\\www\\leader\\vendor\\laravel\\framework\\src\\Illuminate\\Database\\Connectors\\Connector.php:70)
[stacktrace]
#0 D:\\laragon\\www\\leader\\vendor\\laravel\\framework\\src\\Illuminate\\Database\\Connectors\\Connector.php(70): PDO->__construct('mysql:host=127....', 'cloudtal_leader', Object(SensitiveParameterValue), Array)
#1 D:\\laragon\\www\\leader\\vendor\\laravel\\framework\\src\\Illuminate\\Database\\Connectors\\Connector.php(45): Illuminate\\Database\\Connectors\\Connector->createPdoConnection('mysql:host=127....', 'cloudtal_leader', '8cU-0[hlekZn', Array)
#2 D:\\laragon\\www\\leader\\vendor\\laravel\\framework\\src\\Illuminate\\Database\\Connectors\\MySqlConnector.php(24): Illuminate\\Database\\Connectors\\Connector->createConnection('mysql:host=127....', Array, Array)
#3 D:\\laragon\\www\\leader\\vendor\\laravel\\framework\\src\\Illuminate\\Database\\Connectors\\ConnectionFactory.php(184): Illuminate\\Database\\Connectors\\MySqlConnector->connect(Array)
#4 [internal function]: Illuminate\\Database\\Connectors\\ConnectionFactory->Illuminate\\Database\\Connectors\\{closure}()
#5 D:\\laragon\\www\\leader\\vendor\\laravel\\framework\\src\\Illuminate\\Database\\Connection.php(1181): call_user_func(Object(Closure))
#6 D:\\laragon\\www\\leader\\vendor\\laravel\\framework\\src\\Illuminate\\Database\\Connection.php(1217): Illuminate\\Database\\Connection->getPdo()
#7 D:\\laragon\\www\\leader\\vendor\\laravel\\framework\\src\\Illuminate\\Database\\Connection.php(486): Illuminate\\Database\\Connection->getReadPdo()
#8 D:\\laragon\\www\\leader\\vendor\\laravel\\framework\\src\\Illuminate\\Database\\Connection.php(414): Illuminate\\Database\\Connection->getPdoForSelect(true)
#9 D:\\laragon\\www\\leader\\vendor\\laravel\\framework\\src\\Illuminate\\Database\\Connection.php(753): Illuminate\\Database\\Connection->Illuminate\\Database\\{closure}('select count(*)...', Array)
#10 D:\\laragon\\www\\leader\\vendor\\laravel\\framework\\src\\Illuminate\\Database\\Connection.php(720): Illuminate\\Database\\Connection->runQueryCallback('select count(*)...', Array, Object(Closure))
#11 D:\\laragon\\www\\leader\\vendor\\laravel\\framework\\src\\Illuminate\\Database\\Connection.php(405): Illuminate\\Database\\Connection->run('select count(*)...', Array, Object(Closure))
#12 D:\\laragon\\www\\leader\\vendor\\laravel\\framework\\src\\Illuminate\\Database\\Query\\Builder.php(2705): Illuminate\\Database\\Connection->select('select count(*)...', Array, true)
#13 D:\\laragon\\www\\leader\\vendor\\laravel\\framework\\src\\Illuminate\\Database\\Query\\Builder.php(2694): Illuminate\\Database\\Query\\Builder->runSelect()
#14 D:\\laragon\\www\\leader\\vendor\\laravel\\framework\\src\\Illuminate\\Database\\Query\\Builder.php(3230): Illuminate\\Database\\Query\\Builder->Illuminate\\Database\\Query\\{closure}()
#15 D:\\laragon\\www\\leader\\vendor\\laravel\\framework\\src\\Illuminate\\Database\\Query\\Builder.php(2693): Illuminate\\Database\\Query\\Builder->onceWithColumns(Array, Object(Closure))
#16 D:\\laragon\\www\\leader\\vendor\\laravel\\framework\\src\\Illuminate\\Database\\Query\\Builder.php(3157): Illuminate\\Database\\Query\\Builder->get(Array)
#17 D:\\laragon\\www\\leader\\vendor\\laravel\\framework\\src\\Illuminate\\Database\\Query\\Builder.php(3085): Illuminate\\Database\\Query\\Builder->aggregate('count', Array)
#18 D:\\laragon\\www\\leader\\vendor\\laravel\\telescope\\src\\Storage\\DatabaseEntriesRepository.php(123): Illuminate\\Database\\Query\\Builder->count()
#19 D:\\laragon\\www\\leader\\vendor\\laravel\\telescope\\src\\Storage\\DatabaseEntriesRepository.php(165): Laravel\\Telescope\\Storage\\DatabaseEntriesRepository->countExceptionOccurences(Object(Laravel\\Telescope\\IncomingExceptionEntry))
#20 [internal function]: Laravel\\Telescope\\Storage\\DatabaseEntriesRepository->Laravel\\Telescope\\Storage\\{closure}(Object(Laravel\\Telescope\\IncomingExceptionEntry), 0)
#21 D:\\laragon\\www\\leader\\vendor\\laravel\\framework\\src\\Illuminate\\Collections\\Arr.php(560): array_map(Object(Closure), Array, Array)
#22 D:\\laragon\\www\\leader\\vendor\\laravel\\framework\\src\\Illuminate\\Collections\\Collection.php(768): Illuminate\\Support\\Arr::map(Array, Object(Closure))
#23 D:\\laragon\\www\\leader\\vendor\\laravel\\telescope\\src\\Storage\\DatabaseEntriesRepository.php(164): Illuminate\\Support\\Collection->map(Object(Closure))
#24 D:\\laragon\\www\\leader\\vendor\\laravel\\framework\\src\\Illuminate\\Collections\\Traits\\EnumeratesValues.php(235): Laravel\\Telescope\\Storage\\DatabaseEntriesRepository->Laravel\\Telescope\\Storage\\{closure}(Object(Illuminate\\Support\\Collection), 0)
#25 D:\\laragon\\www\\leader\\vendor\\laravel\\telescope\\src\\Storage\\DatabaseEntriesRepository.php(163): Illuminate\\Support\\Collection->each(Object(Closure))
#26 D:\\laragon\\www\\leader\\vendor\\laravel\\telescope\\src\\Storage\\DatabaseEntriesRepository.php(140): Laravel\\Telescope\\Storage\\DatabaseEntriesRepository->storeExceptions(Object(Illuminate\\Support\\Collection))
#27 D:\\laragon\\www\\leader\\vendor\\laravel\\telescope\\src\\Telescope.php(668): Laravel\\Telescope\\Storage\\DatabaseEntriesRepository->store(Object(Illuminate\\Support\\Collection))
#28 [internal function]: Laravel\\Telescope\\Telescope::Laravel\\Telescope\\{closure}()
#29 D:\\laragon\\www\\leader\\vendor\\laravel\\telescope\\src\\Telescope.php(293): call_user_func(Object(Closure))
#30 D:\\laragon\\www\\leader\\vendor\\laravel\\telescope\\src\\Telescope.php(660): Laravel\\Telescope\\Telescope::withoutRecording(Object(Closure))
#31 D:\\laragon\\www\\leader\\vendor\\laravel\\telescope\\src\\ListensForStorageOpportunities.php(65): Laravel\\Telescope\\Telescope::store(Object(Laravel\\Telescope\\Storage\\DatabaseEntriesRepository))
#32 D:\\laragon\\www\\leader\\vendor\\laravel\\framework\\src\\Illuminate\\Container\\BoundMethod.php(36): Laravel\\Telescope\\Telescope::Laravel\\Telescope\\{closure}()
#33 D:\\laragon\\www\\leader\\vendor\\laravel\\framework\\src\\Illuminate\\Container\\Util.php(41): Illuminate\\Container\\BoundMethod::Illuminate\\Container\\{closure}()
#34 D:\\laragon\\www\\leader\\vendor\\laravel\\framework\\src\\Illuminate\\Container\\BoundMethod.php(81): Illuminate\\Container\\Util::unwrapIfClosure(Object(Closure))
#35 D:\\laragon\\www\\leader\\vendor\\laravel\\framework\\src\\Illuminate\\Container\\BoundMethod.php(35): Illuminate\\Container\\BoundMethod::callBoundMethod(Object(Illuminate\\Foundation\\Application), Object(Closure), Object(Closure))
#36 D:\\laragon\\www\\leader\\vendor\\laravel\\framework\\src\\Illuminate\\Container\\Container.php(661): Illuminate\\Container\\BoundMethod::call(Object(Illuminate\\Foundation\\Application), Object(Closure), Array, NULL)
#37 D:\\laragon\\www\\leader\\vendor\\laravel\\framework\\src\\Illuminate\\Foundation\\Application.php(1198): Illuminate\\Container\\Container->call(Object(Closure))
#38 D:\\laragon\\www\\leader\\vendor\\laravel\\framework\\src\\Illuminate\\Foundation\\Console\\Kernel.php(174): Illuminate\\Foundation\\Application->terminate()
#39 D:\\laragon\\www\\leader\\artisan(51): Illuminate\\Foundation\\Console\\Kernel->terminate(Object(Symfony\\Component\\Console\\Input\\ArgvInput), 1)
#40 {main}
"} 
[2025-10-28 21:07:10] local.ERROR: SQLSTATE[HY000] [1524] Plugin 'mysql_native_password' is not loaded (SQL: insert into `telescope_entries` (`batch_id`, `content`, `created_at`, `family_hash`, `type`, `uuid`) values (a039303f-a6c4-4a9e-8424-bfe9f03afee6, {"command":"make:migration","exit_code":0,"arguments":{"command":"make:migration","name":"add_date_and_address_to_delivery_policies_table"},"options":{"create":null,"table":"delivery_policies","path":null,"realpath":false,"fullpath":false,"help":false,"quiet":false,"verbose":false,"version":false,"ansi":null,"no-interaction":false,"env":null},"hostname":"DESKTOP-VCL5N83"}, 2025-10-28 21:07:10, ?, command, a039303f-9d2d-4a08-aad5-fb729627f5ab)) {"exception":"[object] (Illuminate\\Database\\QueryException(code: 1524): SQLSTATE[HY000] [1524] Plugin 'mysql_native_password' is not loaded (SQL: insert into `telescope_entries` (`batch_id`, `content`, `created_at`, `family_hash`, `type`, `uuid`) values (a039303f-a6c4-4a9e-8424-bfe9f03afee6, {\"command\":\"make:migration\",\"exit_code\":0,\"arguments\":{\"command\":\"make:migration\",\"name\":\"add_date_and_address_to_delivery_policies_table\"},\"options\":{\"create\":null,\"table\":\"delivery_policies\",\"path\":null,\"realpath\":false,\"fullpath\":false,\"help\":false,\"quiet\":false,\"verbose\":false,\"version\":false,\"ansi\":null,\"no-interaction\":false,\"env\":null},\"hostname\":\"DESKTOP-VCL5N83\"}, 2025-10-28 21:07:10, ?, command, a039303f-9d2d-4a08-aad5-fb729627f5ab)) at D:\\laragon\\www\\leader\\vendor\\laravel\\framework\\src\\Illuminate\\Database\\Connection.php:760)
[stacktrace]
#0 D:\\laragon\\www\\leader\\vendor\\laravel\\framework\\src\\Illuminate\\Database\\Connection.php(720): Illuminate\\Database\\Connection->runQueryCallback('insert into `te...', Array, Object(Closure))
#1 D:\\laragon\\www\\leader\\vendor\\laravel\\framework\\src\\Illuminate\\Database\\Connection.php(534): Illuminate\\Database\\Connection->run('insert into `te...', Array, Object(Closure))
#2 D:\\laragon\\www\\leader\\vendor\\laravel\\framework\\src\\Illuminate\\Database\\Connection.php(498): Illuminate\\Database\\Connection->statement('insert into `te...', Array)
#3 D:\\laragon\\www\\leader\\vendor\\laravel\\framework\\src\\Illuminate\\Database\\Query\\Builder.php(3272): Illuminate\\Database\\Connection->insert('insert into `te...', Array)
#4 D:\\laragon\\www\\leader\\vendor\\laravel\\telescope\\src\\Storage\\DatabaseEntriesRepository.php(145): Illuminate\\Database\\Query\\Builder->insert(Array)
#5 D:\\laragon\\www\\leader\\vendor\\laravel\\framework\\src\\Illuminate\\Collections\\Traits\\EnumeratesValues.php(235): Laravel\\Telescope\\Storage\\DatabaseEntriesRepository->Laravel\\Telescope\\Storage\\{closure}(Object(Illuminate\\Support\\Collection), 0)
#6 D:\\laragon\\www\\leader\\vendor\\laravel\\telescope\\src\\Storage\\DatabaseEntriesRepository.php(144): Illuminate\\Support\\Collection->each(Object(Closure))
#7 D:\\laragon\\www\\leader\\vendor\\laravel\\telescope\\src\\Telescope.php(668): Laravel\\Telescope\\Storage\\DatabaseEntriesRepository->store(Object(Illuminate\\Support\\Collection))
#8 [internal function]: Laravel\\Telescope\\Telescope::Laravel\\Telescope\\{closure}()
#9 D:\\laragon\\www\\leader\\vendor\\laravel\\telescope\\src\\Telescope.php(293): call_user_func(Object(Closure))
#10 D:\\laragon\\www\\leader\\vendor\\laravel\\telescope\\src\\Telescope.php(660): Laravel\\Telescope\\Telescope::withoutRecording(Object(Closure))
#11 D:\\laragon\\www\\leader\\vendor\\laravel\\telescope\\src\\ListensForStorageOpportunities.php(65): Laravel\\Telescope\\Telescope::store(Object(Laravel\\Telescope\\Storage\\DatabaseEntriesRepository))
#12 D:\\laragon\\www\\leader\\vendor\\laravel\\framework\\src\\Illuminate\\Container\\BoundMethod.php(36): Laravel\\Telescope\\Telescope::Laravel\\Telescope\\{closure}()
#13 D:\\laragon\\www\\leader\\vendor\\laravel\\framework\\src\\Illuminate\\Container\\Util.php(41): Illuminate\\Container\\BoundMethod::Illuminate\\Container\\{closure}()
#14 D:\\laragon\\www\\leader\\vendor\\laravel\\framework\\src\\Illuminate\\Container\\BoundMethod.php(81): Illuminate\\Container\\Util::unwrapIfClosure(Object(Closure))
#15 D:\\laragon\\www\\leader\\vendor\\laravel\\framework\\src\\Illuminate\\Container\\BoundMethod.php(35): Illuminate\\Container\\BoundMethod::callBoundMethod(Object(Illuminate\\Foundation\\Application), Object(Closure), Object(Closure))
#16 D:\\laragon\\www\\leader\\vendor\\laravel\\framework\\src\\Illuminate\\Container\\Container.php(661): Illuminate\\Container\\BoundMethod::call(Object(Illuminate\\Foundation\\Application), Object(Closure), Array, NULL)
#17 D:\\laragon\\www\\leader\\vendor\\laravel\\framework\\src\\Illuminate\\Foundation\\Application.php(1198): Illuminate\\Container\\Container->call(Object(Closure))
#18 D:\\laragon\\www\\leader\\vendor\\laravel\\framework\\src\\Illuminate\\Foundation\\Console\\Kernel.php(174): Illuminate\\Foundation\\Application->terminate()
#19 D:\\laragon\\www\\leader\\artisan(51): Illuminate\\Foundation\\Console\\Kernel->terminate(Object(Symfony\\Component\\Console\\Input\\ArgvInput), 0)
#20 {main}

[previous exception] [object] (PDOException(code: 1524): SQLSTATE[HY000] [1524] Plugin 'mysql_native_password' is not loaded at D:\\laragon\\www\\leader\\vendor\\laravel\\framework\\src\\Illuminate\\Database\\Connectors\\Connector.php:70)
[stacktrace]
#0 D:\\laragon\\www\\leader\\vendor\\laravel\\framework\\src\\Illuminate\\Database\\Connectors\\Connector.php(70): PDO->__construct('mysql:host=127....', 'cloudtal_leader', Object(SensitiveParameterValue), Array)
#1 D:\\laragon\\www\\leader\\vendor\\laravel\\framework\\src\\Illuminate\\Database\\Connectors\\Connector.php(45): Illuminate\\Database\\Connectors\\Connector->createPdoConnection('mysql:host=127....', 'cloudtal_leader', '8cU-0[hlekZn', Array)
#2 D:\\laragon\\www\\leader\\vendor\\laravel\\framework\\src\\Illuminate\\Database\\Connectors\\MySqlConnector.php(24): Illuminate\\Database\\Connectors\\Connector->createConnection('mysql:host=127....', Array, Array)
#3 D:\\laragon\\www\\leader\\vendor\\laravel\\framework\\src\\Illuminate\\Database\\Connectors\\ConnectionFactory.php(184): Illuminate\\Database\\Connectors\\MySqlConnector->connect(Array)
#4 [internal function]: Illuminate\\Database\\Connectors\\ConnectionFactory->Illuminate\\Database\\Connectors\\{closure}()
#5 D:\\laragon\\www\\leader\\vendor\\laravel\\framework\\src\\Illuminate\\Database\\Connection.php(1181): call_user_func(Object(Closure))
#6 D:\\laragon\\www\\leader\\vendor\\laravel\\framework\\src\\Illuminate\\Database\\Connection.php(539): Illuminate\\Database\\Connection->getPdo()
#7 D:\\laragon\\www\\leader\\vendor\\laravel\\framework\\src\\Illuminate\\Database\\Connection.php(753): Illuminate\\Database\\Connection->Illuminate\\Database\\{closure}('insert into `te...', Array)
#8 D:\\laragon\\www\\leader\\vendor\\laravel\\framework\\src\\Illuminate\\Database\\Connection.php(720): Illuminate\\Database\\Connection->runQueryCallback('insert into `te...', Array, Object(Closure))
#9 D:\\laragon\\www\\leader\\vendor\\laravel\\framework\\src\\Illuminate\\Database\\Connection.php(534): Illuminate\\Database\\Connection->run('insert into `te...', Array, Object(Closure))
#10 D:\\laragon\\www\\leader\\vendor\\laravel\\framework\\src\\Illuminate\\Database\\Connection.php(498): Illuminate\\Database\\Connection->statement('insert into `te...', Array)
#11 D:\\laragon\\www\\leader\\vendor\\laravel\\framework\\src\\Illuminate\\Database\\Query\\Builder.php(3272): Illuminate\\Database\\Connection->insert('insert into `te...', Array)
#12 D:\\laragon\\www\\leader\\vendor\\laravel\\telescope\\src\\Storage\\DatabaseEntriesRepository.php(145): Illuminate\\Database\\Query\\Builder->insert(Array)
#13 D:\\laragon\\www\\leader\\vendor\\laravel\\framework\\src\\Illuminate\\Collections\\Traits\\EnumeratesValues.php(235): Laravel\\Telescope\\Storage\\DatabaseEntriesRepository->Laravel\\Telescope\\Storage\\{closure}(Object(Illuminate\\Support\\Collection), 0)
#14 D:\\laragon\\www\\leader\\vendor\\laravel\\telescope\\src\\Storage\\DatabaseEntriesRepository.php(144): Illuminate\\Support\\Collection->each(Object(Closure))
#15 D:\\laragon\\www\\leader\\vendor\\laravel\\telescope\\src\\Telescope.php(668): Laravel\\Telescope\\Storage\\DatabaseEntriesRepository->store(Object(Illuminate\\Support\\Collection))
#16 [internal function]: Laravel\\Telescope\\Telescope::Laravel\\Telescope\\{closure}()
#17 D:\\laragon\\www\\leader\\vendor\\laravel\\telescope\\src\\Telescope.php(293): call_user_func(Object(Closure))
#18 D:\\laragon\\www\\leader\\vendor\\laravel\\telescope\\src\\Telescope.php(660): Laravel\\Telescope\\Telescope::withoutRecording(Object(Closure))
#19 D:\\laragon\\www\\leader\\vendor\\laravel\\telescope\\src\\ListensForStorageOpportunities.php(65): Laravel\\Telescope\\Telescope::store(Object(Laravel\\Telescope\\Storage\\DatabaseEntriesRepository))
#20 D:\\laragon\\www\\leader\\vendor\\laravel\\framework\\src\\Illuminate\\Container\\BoundMethod.php(36): Laravel\\Telescope\\Telescope::Laravel\\Telescope\\{closure}()
#21 D:\\laragon\\www\\leader\\vendor\\laravel\\framework\\src\\Illuminate\\Container\\Util.php(41): Illuminate\\Container\\BoundMethod::Illuminate\\Container\\{closure}()
#22 D:\\laragon\\www\\leader\\vendor\\laravel\\framework\\src\\Illuminate\\Container\\BoundMethod.php(81): Illuminate\\Container\\Util::unwrapIfClosure(Object(Closure))
#23 D:\\laragon\\www\\leader\\vendor\\laravel\\framework\\src\\Illuminate\\Container\\BoundMethod.php(35): Illuminate\\Container\\BoundMethod::callBoundMethod(Object(Illuminate\\Foundation\\Application), Object(Closure), Object(Closure))
#24 D:\\laragon\\www\\leader\\vendor\\laravel\\framework\\src\\Illuminate\\Container\\Container.php(661): Illuminate\\Container\\BoundMethod::call(Object(Illuminate\\Foundation\\Application), Object(Closure), Array, NULL)
#25 D:\\laragon\\www\\leader\\vendor\\laravel\\framework\\src\\Illuminate\\Foundation\\Application.php(1198): Illuminate\\Container\\Container->call(Object(Closure))
#26 D:\\laragon\\www\\leader\\vendor\\laravel\\framework\\src\\Illuminate\\Foundation\\Console\\Kernel.php(174): Illuminate\\Foundation\\Application->terminate()
#27 D:\\laragon\\www\\leader\\artisan(51): Illuminate\\Foundation\\Console\\Kernel->terminate(Object(Symfony\\Component\\Console\\Input\\ArgvInput), 0)
#28 {main}
"} 
[2025-10-28 21:13:37] local.ERROR: SQLSTATE[HY000] [1524] Plugin 'mysql_native_password' is not loaded (SQL: insert into `telescope_entries` (`batch_id`, `content`, `created_at`, `family_hash`, `type`, `uuid`) values (a039328d-cbd6-4662-836b-970aa551c9b1, {"command":"make:migration","exit_code":0,"arguments":{"command":"make:migration","name":"add_office_commission_to_delivery_policies_table"},"options":{"create":null,"table":"delivery_policies","path":null,"realpath":false,"fullpath":false,"help":false,"quiet":false,"verbose":false,"version":false,"ansi":null,"no-interaction":false,"env":null},"hostname":"DESKTOP-VCL5N83"}, 2025-10-28 21:13:37, ?, command, a039328d-c4c3-48c1-8965-23d2ed608b81)) {"exception":"[object] (Illuminate\\Database\\QueryException(code: 1524): SQLSTATE[HY000] [1524] Plugin 'mysql_native_password' is not loaded (SQL: insert into `telescope_entries` (`batch_id`, `content`, `created_at`, `family_hash`, `type`, `uuid`) values (a039328d-cbd6-4662-836b-970aa551c9b1, {\"command\":\"make:migration\",\"exit_code\":0,\"arguments\":{\"command\":\"make:migration\",\"name\":\"add_office_commission_to_delivery_policies_table\"},\"options\":{\"create\":null,\"table\":\"delivery_policies\",\"path\":null,\"realpath\":false,\"fullpath\":false,\"help\":false,\"quiet\":false,\"verbose\":false,\"version\":false,\"ansi\":null,\"no-interaction\":false,\"env\":null},\"hostname\":\"DESKTOP-VCL5N83\"}, 2025-10-28 21:13:37, ?, command, a039328d-c4c3-48c1-8965-23d2ed608b81)) at D:\\laragon\\www\\leader\\vendor\\laravel\\framework\\src\\Illuminate\\Database\\Connection.php:760)
[stacktrace]
#0 D:\\laragon\\www\\leader\\vendor\\laravel\\framework\\src\\Illuminate\\Database\\Connection.php(720): Illuminate\\Database\\Connection->runQueryCallback('insert into `te...', Array, Object(Closure))
#1 D:\\laragon\\www\\leader\\vendor\\laravel\\framework\\src\\Illuminate\\Database\\Connection.php(534): Illuminate\\Database\\Connection->run('insert into `te...', Array, Object(Closure))
#2 D:\\laragon\\www\\leader\\vendor\\laravel\\framework\\src\\Illuminate\\Database\\Connection.php(498): Illuminate\\Database\\Connection->statement('insert into `te...', Array)
#3 D:\\laragon\\www\\leader\\vendor\\laravel\\framework\\src\\Illuminate\\Database\\Query\\Builder.php(3272): Illuminate\\Database\\Connection->insert('insert into `te...', Array)
#4 D:\\laragon\\www\\leader\\vendor\\laravel\\telescope\\src\\Storage\\DatabaseEntriesRepository.php(145): Illuminate\\Database\\Query\\Builder->insert(Array)
#5 D:\\laragon\\www\\leader\\vendor\\laravel\\framework\\src\\Illuminate\\Collections\\Traits\\EnumeratesValues.php(235): Laravel\\Telescope\\Storage\\DatabaseEntriesRepository->Laravel\\Telescope\\Storage\\{closure}(Object(Illuminate\\Support\\Collection), 0)
#6 D:\\laragon\\www\\leader\\vendor\\laravel\\telescope\\src\\Storage\\DatabaseEntriesRepository.php(144): Illuminate\\Support\\Collection->each(Object(Closure))
#7 D:\\laragon\\www\\leader\\vendor\\laravel\\telescope\\src\\Telescope.php(668): Laravel\\Telescope\\Storage\\DatabaseEntriesRepository->store(Object(Illuminate\\Support\\Collection))
#8 [internal function]: Laravel\\Telescope\\Telescope::Laravel\\Telescope\\{closure}()
#9 D:\\laragon\\www\\leader\\vendor\\laravel\\telescope\\src\\Telescope.php(293): call_user_func(Object(Closure))
#10 D:\\laragon\\www\\leader\\vendor\\laravel\\telescope\\src\\Telescope.php(660): Laravel\\Telescope\\Telescope::withoutRecording(Object(Closure))
#11 D:\\laragon\\www\\leader\\vendor\\laravel\\telescope\\src\\ListensForStorageOpportunities.php(65): Laravel\\Telescope\\Telescope::store(Object(Laravel\\Telescope\\Storage\\DatabaseEntriesRepository))
#12 D:\\laragon\\www\\leader\\vendor\\laravel\\framework\\src\\Illuminate\\Container\\BoundMethod.php(36): Laravel\\Telescope\\Telescope::Laravel\\Telescope\\{closure}()
#13 D:\\laragon\\www\\leader\\vendor\\laravel\\framework\\src\\Illuminate\\Container\\Util.php(41): Illuminate\\Container\\BoundMethod::Illuminate\\Container\\{closure}()
#14 D:\\laragon\\www\\leader\\vendor\\laravel\\framework\\src\\Illuminate\\Container\\BoundMethod.php(81): Illuminate\\Container\\Util::unwrapIfClosure(Object(Closure))
#15 D:\\laragon\\www\\leader\\vendor\\laravel\\framework\\src\\Illuminate\\Container\\BoundMethod.php(35): Illuminate\\Container\\BoundMethod::callBoundMethod(Object(Illuminate\\Foundation\\Application), Object(Closure), Object(Closure))
#16 D:\\laragon\\www\\leader\\vendor\\laravel\\framework\\src\\Illuminate\\Container\\Container.php(661): Illuminate\\Container\\BoundMethod::call(Object(Illuminate\\Foundation\\Application), Object(Closure), Array, NULL)
#17 D:\\laragon\\www\\leader\\vendor\\laravel\\framework\\src\\Illuminate\\Foundation\\Application.php(1198): Illuminate\\Container\\Container->call(Object(Closure))
#18 D:\\laragon\\www\\leader\\vendor\\laravel\\framework\\src\\Illuminate\\Foundation\\Console\\Kernel.php(174): Illuminate\\Foundation\\Application->terminate()
#19 D:\\laragon\\www\\leader\\artisan(51): Illuminate\\Foundation\\Console\\Kernel->terminate(Object(Symfony\\Component\\Console\\Input\\ArgvInput), 0)
#20 {main}

[previous exception] [object] (PDOException(code: 1524): SQLSTATE[HY000] [1524] Plugin 'mysql_native_password' is not loaded at D:\\laragon\\www\\leader\\vendor\\laravel\\framework\\src\\Illuminate\\Database\\Connectors\\Connector.php:70)
[stacktrace]
#0 D:\\laragon\\www\\leader\\vendor\\laravel\\framework\\src\\Illuminate\\Database\\Connectors\\Connector.php(70): PDO->__construct('mysql:host=127....', 'cloudtal_leader', Object(SensitiveParameterValue), Array)
#1 D:\\laragon\\www\\leader\\vendor\\laravel\\framework\\src\\Illuminate\\Database\\Connectors\\Connector.php(45): Illuminate\\Database\\Connectors\\Connector->createPdoConnection('mysql:host=127....', 'cloudtal_leader', '8cU-0[hlekZn', Array)
#2 D:\\laragon\\www\\leader\\vendor\\laravel\\framework\\src\\Illuminate\\Database\\Connectors\\MySqlConnector.php(24): Illuminate\\Database\\Connectors\\Connector->createConnection('mysql:host=127....', Array, Array)
#3 D:\\laragon\\www\\leader\\vendor\\laravel\\framework\\src\\Illuminate\\Database\\Connectors\\ConnectionFactory.php(184): Illuminate\\Database\\Connectors\\MySqlConnector->connect(Array)
#4 [internal function]: Illuminate\\Database\\Connectors\\ConnectionFactory->Illuminate\\Database\\Connectors\\{closure}()
#5 D:\\laragon\\www\\leader\\vendor\\laravel\\framework\\src\\Illuminate\\Database\\Connection.php(1181): call_user_func(Object(Closure))
#6 D:\\laragon\\www\\leader\\vendor\\laravel\\framework\\src\\Illuminate\\Database\\Connection.php(539): Illuminate\\Database\\Connection->getPdo()
#7 D:\\laragon\\www\\leader\\vendor\\laravel\\framework\\src\\Illuminate\\Database\\Connection.php(753): Illuminate\\Database\\Connection->Illuminate\\Database\\{closure}('insert into `te...', Array)
#8 D:\\laragon\\www\\leader\\vendor\\laravel\\framework\\src\\Illuminate\\Database\\Connection.php(720): Illuminate\\Database\\Connection->runQueryCallback('insert into `te...', Array, Object(Closure))
#9 D:\\laragon\\www\\leader\\vendor\\laravel\\framework\\src\\Illuminate\\Database\\Connection.php(534): Illuminate\\Database\\Connection->run('insert into `te...', Array, Object(Closure))
#10 D:\\laragon\\www\\leader\\vendor\\laravel\\framework\\src\\Illuminate\\Database\\Connection.php(498): Illuminate\\Database\\Connection->statement('insert into `te...', Array)
#11 D:\\laragon\\www\\leader\\vendor\\laravel\\framework\\src\\Illuminate\\Database\\Query\\Builder.php(3272): Illuminate\\Database\\Connection->insert('insert into `te...', Array)
#12 D:\\laragon\\www\\leader\\vendor\\laravel\\telescope\\src\\Storage\\DatabaseEntriesRepository.php(145): Illuminate\\Database\\Query\\Builder->insert(Array)
#13 D:\\laragon\\www\\leader\\vendor\\laravel\\framework\\src\\Illuminate\\Collections\\Traits\\EnumeratesValues.php(235): Laravel\\Telescope\\Storage\\DatabaseEntriesRepository->Laravel\\Telescope\\Storage\\{closure}(Object(Illuminate\\Support\\Collection), 0)
#14 D:\\laragon\\www\\leader\\vendor\\laravel\\telescope\\src\\Storage\\DatabaseEntriesRepository.php(144): Illuminate\\Support\\Collection->each(Object(Closure))
#15 D:\\laragon\\www\\leader\\vendor\\laravel\\telescope\\src\\Telescope.php(668): Laravel\\Telescope\\Storage\\DatabaseEntriesRepository->store(Object(Illuminate\\Support\\Collection))
#16 [internal function]: Laravel\\Telescope\\Telescope::Laravel\\Telescope\\{closure}()
#17 D:\\laragon\\www\\leader\\vendor\\laravel\\telescope\\src\\Telescope.php(293): call_user_func(Object(Closure))
#18 D:\\laragon\\www\\leader\\vendor\\laravel\\telescope\\src\\Telescope.php(660): Laravel\\Telescope\\Telescope::withoutRecording(Object(Closure))
#19 D:\\laragon\\www\\leader\\vendor\\laravel\\telescope\\src\\ListensForStorageOpportunities.php(65): Laravel\\Telescope\\Telescope::store(Object(Laravel\\Telescope\\Storage\\DatabaseEntriesRepository))
#20 D:\\laragon\\www\\leader\\vendor\\laravel\\framework\\src\\Illuminate\\Container\\BoundMethod.php(36): Laravel\\Telescope\\Telescope::Laravel\\Telescope\\{closure}()
#21 D:\\laragon\\www\\leader\\vendor\\laravel\\framework\\src\\Illuminate\\Container\\Util.php(41): Illuminate\\Container\\BoundMethod::Illuminate\\Container\\{closure}()
#22 D:\\laragon\\www\\leader\\vendor\\laravel\\framework\\src\\Illuminate\\Container\\BoundMethod.php(81): Illuminate\\Container\\Util::unwrapIfClosure(Object(Closure))
#23 D:\\laragon\\www\\leader\\vendor\\laravel\\framework\\src\\Illuminate\\Container\\BoundMethod.php(35): Illuminate\\Container\\BoundMethod::callBoundMethod(Object(Illuminate\\Foundation\\Application), Object(Closure), Object(Closure))
#24 D:\\laragon\\www\\leader\\vendor\\laravel\\framework\\src\\Illuminate\\Container\\Container.php(661): Illuminate\\Container\\BoundMethod::call(Object(Illuminate\\Foundation\\Application), Object(Closure), Array, NULL)
#25 D:\\laragon\\www\\leader\\vendor\\laravel\\framework\\src\\Illuminate\\Foundation\\Application.php(1198): Illuminate\\Container\\Container->call(Object(Closure))
#26 D:\\laragon\\www\\leader\\vendor\\laravel\\framework\\src\\Illuminate\\Foundation\\Console\\Kernel.php(174): Illuminate\\Foundation\\Application->terminate()
#27 D:\\laragon\\www\\leader\\artisan(51): Illuminate\\Foundation\\Console\\Kernel->terminate(Object(Symfony\\Component\\Console\\Input\\ArgvInput), 0)
#28 {main}
"} 
[2025-12-27 18:24:53] local.ERROR: View path not found. {"exception":"[object] (RuntimeException(code: 0): View path not found. at D:\\laragon\\www\\leader\\leader\\vendor\\laravel\\framework\\src\\Illuminate\\Foundation\\Console\\ViewClearCommand.php:70)
[stacktrace]
#0 D:\\laragon\\www\\leader\\leader\\vendor\\laravel\\framework\\src\\Illuminate\\Container\\BoundMethod.php(36): Illuminate\\Foundation\\Console\\ViewClearCommand->handle()
#1 D:\\laragon\\www\\leader\\leader\\vendor\\laravel\\framework\\src\\Illuminate\\Container\\Util.php(41): Illuminate\\Container\\BoundMethod::Illuminate\\Container\\{closure}()
#2 D:\\laragon\\www\\leader\\leader\\vendor\\laravel\\framework\\src\\Illuminate\\Container\\BoundMethod.php(93): Illuminate\\Container\\Util::unwrapIfClosure(Object(Closure))
#3 D:\\laragon\\www\\leader\\leader\\vendor\\laravel\\framework\\src\\Illuminate\\Container\\BoundMethod.php(35): Illuminate\\Container\\BoundMethod::callBoundMethod(Object(Illuminate\\Foundation\\Application), Array, Object(Closure))
#4 D:\\laragon\\www\\leader\\leader\\vendor\\laravel\\framework\\src\\Illuminate\\Container\\Container.php(661): Illuminate\\Container\\BoundMethod::call(Object(Illuminate\\Foundation\\Application), Array, Array, NULL)
#5 D:\\laragon\\www\\leader\\leader\\vendor\\laravel\\framework\\src\\Illuminate\\Console\\Command.php(183): Illuminate\\Container\\Container->call(Array)
#6 D:\\laragon\\www\\leader\\leader\\vendor\\symfony\\console\\Command\\Command.php(326): Illuminate\\Console\\Command->execute(Object(Symfony\\Component\\Console\\Input\\ArgvInput), Object(Illuminate\\Console\\OutputStyle))
#7 D:\\laragon\\www\\leader\\leader\\vendor\\laravel\\framework\\src\\Illuminate\\Console\\Command.php(152): Symfony\\Component\\Console\\Command\\Command->run(Object(Symfony\\Component\\Console\\Input\\ArgvInput), Object(Illuminate\\Console\\OutputStyle))
#8 D:\\laragon\\www\\leader\\leader\\vendor\\symfony\\console\\Application.php(1078): Illuminate\\Console\\Command->run(Object(Symfony\\Component\\Console\\Input\\ArgvInput), Object(Symfony\\Component\\Console\\Output\\ConsoleOutput))
#9 D:\\laragon\\www\\leader\\leader\\vendor\\symfony\\console\\Application.php(324): Symfony\\Component\\Console\\Application->doRunCommand(Object(Illuminate\\Foundation\\Console\\ViewClearCommand), Object(Symfony\\Component\\Console\\Input\\ArgvInput), Object(Symfony\\Component\\Console\\Output\\ConsoleOutput))
#10 D:\\laragon\\www\\leader\\leader\\vendor\\symfony\\console\\Application.php(175): Symfony\\Component\\Console\\Application->doRun(Object(Symfony\\Component\\Console\\Input\\ArgvInput), Object(Symfony\\Component\\Console\\Output\\ConsoleOutput))
#11 D:\\laragon\\www\\leader\\leader\\vendor\\laravel\\framework\\src\\Illuminate\\Console\\Application.php(102): Symfony\\Component\\Console\\Application->run(Object(Symfony\\Component\\Console\\Input\\ArgvInput), Object(Symfony\\Component\\Console\\Output\\ConsoleOutput))
#12 D:\\laragon\\www\\leader\\leader\\vendor\\laravel\\framework\\src\\Illuminate\\Foundation\\Console\\Kernel.php(155): Illuminate\\Console\\Application->run(Object(Symfony\\Component\\Console\\Input\\ArgvInput), Object(Symfony\\Component\\Console\\Output\\ConsoleOutput))
#13 D:\\laragon\\www\\leader\\leader\\artisan(35): Illuminate\\Foundation\\Console\\Kernel->handle(Object(Symfony\\Component\\Console\\Input\\ArgvInput), Object(Symfony\\Component\\Console\\Output\\ConsoleOutput))
#14 {main}
"} 
[2025-12-27 18:24:55] local.ERROR: SQLSTATE[HY000] [2002] No connection could be made because the target machine actively refused it (SQL: select count(*) as aggregate from `telescope_entries` where `type` = exception and `family_hash` = aaa08553a327d8ce4761d0283e18936c) {"exception":"[object] (Illuminate\\Database\\QueryException(code: 2002): SQLSTATE[HY000] [2002] No connection could be made because the target machine actively refused it (SQL: select count(*) as aggregate from `telescope_entries` where `type` = exception and `family_hash` = aaa08553a327d8ce4761d0283e18936c) at D:\\laragon\\www\\leader\\leader\\vendor\\laravel\\framework\\src\\Illuminate\\Database\\Connection.php:760)
[stacktrace]
#0 D:\\laragon\\www\\leader\\leader\\vendor\\laravel\\framework\\src\\Illuminate\\Database\\Connection.php(720): Illuminate\\Database\\Connection->runQueryCallback('select count(*)...', Array, Object(Closure))
#1 D:\\laragon\\www\\leader\\leader\\vendor\\laravel\\framework\\src\\Illuminate\\Database\\Connection.php(405): Illuminate\\Database\\Connection->run('select count(*)...', Array, Object(Closure))
#2 D:\\laragon\\www\\leader\\leader\\vendor\\laravel\\framework\\src\\Illuminate\\Database\\Query\\Builder.php(2705): Illuminate\\Database\\Connection->select('select count(*)...', Array, true)
#3 D:\\laragon\\www\\leader\\leader\\vendor\\laravel\\framework\\src\\Illuminate\\Database\\Query\\Builder.php(2694): Illuminate\\Database\\Query\\Builder->runSelect()
#4 D:\\laragon\\www\\leader\\leader\\vendor\\laravel\\framework\\src\\Illuminate\\Database\\Query\\Builder.php(3230): Illuminate\\Database\\Query\\Builder->Illuminate\\Database\\Query\\{closure}()
#5 D:\\laragon\\www\\leader\\leader\\vendor\\laravel\\framework\\src\\Illuminate\\Database\\Query\\Builder.php(2693): Illuminate\\Database\\Query\\Builder->onceWithColumns(Array, Object(Closure))
#6 D:\\laragon\\www\\leader\\leader\\vendor\\laravel\\framework\\src\\Illuminate\\Database\\Query\\Builder.php(3157): Illuminate\\Database\\Query\\Builder->get(Array)
#7 D:\\laragon\\www\\leader\\leader\\vendor\\laravel\\framework\\src\\Illuminate\\Database\\Query\\Builder.php(3085): Illuminate\\Database\\Query\\Builder->aggregate('count', Array)
#8 D:\\laragon\\www\\leader\\leader\\vendor\\laravel\\telescope\\src\\Storage\\DatabaseEntriesRepository.php(123): Illuminate\\Database\\Query\\Builder->count()
#9 D:\\laragon\\www\\leader\\leader\\vendor\\laravel\\telescope\\src\\Storage\\DatabaseEntriesRepository.php(165): Laravel\\Telescope\\Storage\\DatabaseEntriesRepository->countExceptionOccurences(Object(Laravel\\Telescope\\IncomingExceptionEntry))
#10 [internal function]: Laravel\\Telescope\\Storage\\DatabaseEntriesRepository->Laravel\\Telescope\\Storage\\{closure}(Object(Laravel\\Telescope\\IncomingExceptionEntry), 0)
#11 D:\\laragon\\www\\leader\\leader\\vendor\\laravel\\framework\\src\\Illuminate\\Collections\\Arr.php(560): array_map(Object(Closure), Array, Array)
#12 D:\\laragon\\www\\leader\\leader\\vendor\\laravel\\framework\\src\\Illuminate\\Collections\\Collection.php(768): Illuminate\\Support\\Arr::map(Array, Object(Closure))
#13 D:\\laragon\\www\\leader\\leader\\vendor\\laravel\\telescope\\src\\Storage\\DatabaseEntriesRepository.php(164): Illuminate\\Support\\Collection->map(Object(Closure))
#14 D:\\laragon\\www\\leader\\leader\\vendor\\laravel\\framework\\src\\Illuminate\\Collections\\Traits\\EnumeratesValues.php(235): Laravel\\Telescope\\Storage\\DatabaseEntriesRepository->Laravel\\Telescope\\Storage\\{closure}(Object(Illuminate\\Support\\Collection), 0)
#15 D:\\laragon\\www\\leader\\leader\\vendor\\laravel\\telescope\\src\\Storage\\DatabaseEntriesRepository.php(163): Illuminate\\Support\\Collection->each(Object(Closure))
#16 D:\\laragon\\www\\leader\\leader\\vendor\\laravel\\telescope\\src\\Storage\\DatabaseEntriesRepository.php(140): Laravel\\Telescope\\Storage\\DatabaseEntriesRepository->storeExceptions(Object(Illuminate\\Support\\Collection))
#17 D:\\laragon\\www\\leader\\leader\\vendor\\laravel\\telescope\\src\\Telescope.php(668): Laravel\\Telescope\\Storage\\DatabaseEntriesRepository->store(Object(Illuminate\\Support\\Collection))
#18 [internal function]: Laravel\\Telescope\\Telescope::Laravel\\Telescope\\{closure}()
#19 D:\\laragon\\www\\leader\\leader\\vendor\\laravel\\telescope\\src\\Telescope.php(293): call_user_func(Object(Closure))
#20 D:\\laragon\\www\\leader\\leader\\vendor\\laravel\\telescope\\src\\Telescope.php(660): Laravel\\Telescope\\Telescope::withoutRecording(Object(Closure))
#21 D:\\laragon\\www\\leader\\leader\\vendor\\laravel\\telescope\\src\\ListensForStorageOpportunities.php(65): Laravel\\Telescope\\Telescope::store(Object(Laravel\\Telescope\\Storage\\DatabaseEntriesRepository))
#22 D:\\laragon\\www\\leader\\leader\\vendor\\laravel\\framework\\src\\Illuminate\\Container\\BoundMethod.php(36): Laravel\\Telescope\\Telescope::Laravel\\Telescope\\{closure}()
#23 D:\\laragon\\www\\leader\\leader\\vendor\\laravel\\framework\\src\\Illuminate\\Container\\Util.php(41): Illuminate\\Container\\BoundMethod::Illuminate\\Container\\{closure}()
#24 D:\\laragon\\www\\leader\\leader\\vendor\\laravel\\framework\\src\\Illuminate\\Container\\BoundMethod.php(81): Illuminate\\Container\\Util::unwrapIfClosure(Object(Closure))
#25 D:\\laragon\\www\\leader\\leader\\vendor\\laravel\\framework\\src\\Illuminate\\Container\\BoundMethod.php(35): Illuminate\\Container\\BoundMethod::callBoundMethod(Object(Illuminate\\Foundation\\Application), Object(Closure), Object(Closure))
#26 D:\\laragon\\www\\leader\\leader\\vendor\\laravel\\framework\\src\\Illuminate\\Container\\Container.php(661): Illuminate\\Container\\BoundMethod::call(Object(Illuminate\\Foundation\\Application), Object(Closure), Array, NULL)
#27 D:\\laragon\\www\\leader\\leader\\vendor\\laravel\\framework\\src\\Illuminate\\Foundation\\Application.php(1198): Illuminate\\Container\\Container->call(Object(Closure))
#28 D:\\laragon\\www\\leader\\leader\\vendor\\laravel\\framework\\src\\Illuminate\\Foundation\\Console\\Kernel.php(174): Illuminate\\Foundation\\Application->terminate()
#29 D:\\laragon\\www\\leader\\leader\\artisan(51): Illuminate\\Foundation\\Console\\Kernel->terminate(Object(Symfony\\Component\\Console\\Input\\ArgvInput), 1)
#30 {main}

[previous exception] [object] (PDOException(code: 2002): SQLSTATE[HY000] [2002] No connection could be made because the target machine actively refused it at D:\\laragon\\www\\leader\\leader\\vendor\\laravel\\framework\\src\\Illuminate\\Database\\Connectors\\Connector.php:70)
[stacktrace]
#0 D:\\laragon\\www\\leader\\leader\\vendor\\laravel\\framework\\src\\Illuminate\\Database\\Connectors\\Connector.php(70): PDO->__construct('mysql:host=127....', 'cloudtal_leader', Object(SensitiveParameterValue), Array)
#1 D:\\laragon\\www\\leader\\leader\\vendor\\laravel\\framework\\src\\Illuminate\\Database\\Connectors\\Connector.php(45): Illuminate\\Database\\Connectors\\Connector->createPdoConnection('mysql:host=127....', 'cloudtal_leader', '8cU-0[hlekZn', Array)
#2 D:\\laragon\\www\\leader\\leader\\vendor\\laravel\\framework\\src\\Illuminate\\Database\\Connectors\\MySqlConnector.php(24): Illuminate\\Database\\Connectors\\Connector->createConnection('mysql:host=127....', Array, Array)
#3 D:\\laragon\\www\\leader\\leader\\vendor\\laravel\\framework\\src\\Illuminate\\Database\\Connectors\\ConnectionFactory.php(184): Illuminate\\Database\\Connectors\\MySqlConnector->connect(Array)
#4 [internal function]: Illuminate\\Database\\Connectors\\ConnectionFactory->Illuminate\\Database\\Connectors\\{closure}()
#5 D:\\laragon\\www\\leader\\leader\\vendor\\laravel\\framework\\src\\Illuminate\\Database\\Connection.php(1181): call_user_func(Object(Closure))
#6 D:\\laragon\\www\\leader\\leader\\vendor\\laravel\\framework\\src\\Illuminate\\Database\\Connection.php(1217): Illuminate\\Database\\Connection->getPdo()
#7 D:\\laragon\\www\\leader\\leader\\vendor\\laravel\\framework\\src\\Illuminate\\Database\\Connection.php(486): Illuminate\\Database\\Connection->getReadPdo()
#8 D:\\laragon\\www\\leader\\leader\\vendor\\laravel\\framework\\src\\Illuminate\\Database\\Connection.php(414): Illuminate\\Database\\Connection->getPdoForSelect(true)
#9 D:\\laragon\\www\\leader\\leader\\vendor\\laravel\\framework\\src\\Illuminate\\Database\\Connection.php(753): Illuminate\\Database\\Connection->Illuminate\\Database\\{closure}('select count(*)...', Array)
#10 D:\\laragon\\www\\leader\\leader\\vendor\\laravel\\framework\\src\\Illuminate\\Database\\Connection.php(720): Illuminate\\Database\\Connection->runQueryCallback('select count(*)...', Array, Object(Closure))
#11 D:\\laragon\\www\\leader\\leader\\vendor\\laravel\\framework\\src\\Illuminate\\Database\\Connection.php(405): Illuminate\\Database\\Connection->run('select count(*)...', Array, Object(Closure))
#12 D:\\laragon\\www\\leader\\leader\\vendor\\laravel\\framework\\src\\Illuminate\\Database\\Query\\Builder.php(2705): Illuminate\\Database\\Connection->select('select count(*)...', Array, true)
#13 D:\\laragon\\www\\leader\\leader\\vendor\\laravel\\framework\\src\\Illuminate\\Database\\Query\\Builder.php(2694): Illuminate\\Database\\Query\\Builder->runSelect()
#14 D:\\laragon\\www\\leader\\leader\\vendor\\laravel\\framework\\src\\Illuminate\\Database\\Query\\Builder.php(3230): Illuminate\\Database\\Query\\Builder->Illuminate\\Database\\Query\\{closure}()
#15 D:\\laragon\\www\\leader\\leader\\vendor\\laravel\\framework\\src\\Illuminate\\Database\\Query\\Builder.php(2693): Illuminate\\Database\\Query\\Builder->onceWithColumns(Array, Object(Closure))
#16 D:\\laragon\\www\\leader\\leader\\vendor\\laravel\\framework\\src\\Illuminate\\Database\\Query\\Builder.php(3157): Illuminate\\Database\\Query\\Builder->get(Array)
#17 D:\\laragon\\www\\leader\\leader\\vendor\\laravel\\framework\\src\\Illuminate\\Database\\Query\\Builder.php(3085): Illuminate\\Database\\Query\\Builder->aggregate('count', Array)
#18 D:\\laragon\\www\\leader\\leader\\vendor\\laravel\\telescope\\src\\Storage\\DatabaseEntriesRepository.php(123): Illuminate\\Database\\Query\\Builder->count()
#19 D:\\laragon\\www\\leader\\leader\\vendor\\laravel\\telescope\\src\\Storage\\DatabaseEntriesRepository.php(165): Laravel\\Telescope\\Storage\\DatabaseEntriesRepository->countExceptionOccurences(Object(Laravel\\Telescope\\IncomingExceptionEntry))
#20 [internal function]: Laravel\\Telescope\\Storage\\DatabaseEntriesRepository->Laravel\\Telescope\\Storage\\{closure}(Object(Laravel\\Telescope\\IncomingExceptionEntry), 0)
#21 D:\\laragon\\www\\leader\\leader\\vendor\\laravel\\framework\\src\\Illuminate\\Collections\\Arr.php(560): array_map(Object(Closure), Array, Array)
#22 D:\\laragon\\www\\leader\\leader\\vendor\\laravel\\framework\\src\\Illuminate\\Collections\\Collection.php(768): Illuminate\\Support\\Arr::map(Array, Object(Closure))
#23 D:\\laragon\\www\\leader\\leader\\vendor\\laravel\\telescope\\src\\Storage\\DatabaseEntriesRepository.php(164): Illuminate\\Support\\Collection->map(Object(Closure))
#24 D:\\laragon\\www\\leader\\leader\\vendor\\laravel\\framework\\src\\Illuminate\\Collections\\Traits\\EnumeratesValues.php(235): Laravel\\Telescope\\Storage\\DatabaseEntriesRepository->Laravel\\Telescope\\Storage\\{closure}(Object(Illuminate\\Support\\Collection), 0)
#25 D:\\laragon\\www\\leader\\leader\\vendor\\laravel\\telescope\\src\\Storage\\DatabaseEntriesRepository.php(163): Illuminate\\Support\\Collection->each(Object(Closure))
#26 D:\\laragon\\www\\leader\\leader\\vendor\\laravel\\telescope\\src\\Storage\\DatabaseEntriesRepository.php(140): Laravel\\Telescope\\Storage\\DatabaseEntriesRepository->storeExceptions(Object(Illuminate\\Support\\Collection))
#27 D:\\laragon\\www\\leader\\leader\\vendor\\laravel\\telescope\\src\\Telescope.php(668): Laravel\\Telescope\\Storage\\DatabaseEntriesRepository->store(Object(Illuminate\\Support\\Collection))
#28 [internal function]: Laravel\\Telescope\\Telescope::Laravel\\Telescope\\{closure}()
#29 D:\\laragon\\www\\leader\\leader\\vendor\\laravel\\telescope\\src\\Telescope.php(293): call_user_func(Object(Closure))
#30 D:\\laragon\\www\\leader\\leader\\vendor\\laravel\\telescope\\src\\Telescope.php(660): Laravel\\Telescope\\Telescope::withoutRecording(Object(Closure))
#31 D:\\laragon\\www\\leader\\leader\\vendor\\laravel\\telescope\\src\\ListensForStorageOpportunities.php(65): Laravel\\Telescope\\Telescope::store(Object(Laravel\\Telescope\\Storage\\DatabaseEntriesRepository))
#32 D:\\laragon\\www\\leader\\leader\\vendor\\laravel\\framework\\src\\Illuminate\\Container\\BoundMethod.php(36): Laravel\\Telescope\\Telescope::Laravel\\Telescope\\{closure}()
#33 D:\\laragon\\www\\leader\\leader\\vendor\\laravel\\framework\\src\\Illuminate\\Container\\Util.php(41): Illuminate\\Container\\BoundMethod::Illuminate\\Container\\{closure}()
#34 D:\\laragon\\www\\leader\\leader\\vendor\\laravel\\framework\\src\\Illuminate\\Container\\BoundMethod.php(81): Illuminate\\Container\\Util::unwrapIfClosure(Object(Closure))
#35 D:\\laragon\\www\\leader\\leader\\vendor\\laravel\\framework\\src\\Illuminate\\Container\\BoundMethod.php(35): Illuminate\\Container\\BoundMethod::callBoundMethod(Object(Illuminate\\Foundation\\Application), Object(Closure), Object(Closure))
#36 D:\\laragon\\www\\leader\\leader\\vendor\\laravel\\framework\\src\\Illuminate\\Container\\Container.php(661): Illuminate\\Container\\BoundMethod::call(Object(Illuminate\\Foundation\\Application), Object(Closure), Array, NULL)
#37 D:\\laragon\\www\\leader\\leader\\vendor\\laravel\\framework\\src\\Illuminate\\Foundation\\Application.php(1198): Illuminate\\Container\\Container->call(Object(Closure))
#38 D:\\laragon\\www\\leader\\leader\\vendor\\laravel\\framework\\src\\Illuminate\\Foundation\\Console\\Kernel.php(174): Illuminate\\Foundation\\Application->terminate()
#39 D:\\laragon\\www\\leader\\leader\\artisan(51): Illuminate\\Foundation\\Console\\Kernel->terminate(Object(Symfony\\Component\\Console\\Input\\ArgvInput), 1)
#40 {main}
"} 
